<html>
<body>
<pre>
<h1>µVision Build Log</h1>
<h2>Tool Versions:</h2>
IDE-Version: µVision V5.39.0.0
Copyright (C) 2023 ARM Ltd and ARM Germany GmbH. All rights reserved.
License Information: Justin Wu, UCSB, LIC=----
 
Tool Versions:
Toolchain:       MDK-Lite  Version: 5.39.0.0
Toolchain Path:  C:\Keil_v5\ARM\ARMCLANG\Bin
C Compiler:      ArmClang.exe V6.21
Assembler:       Armasm.exe V6.21
Linker/Locator:  ArmLink.exe V6.21
Library Manager: ArmAr.exe V6.21
Hex Converter:   FromElf.exe V6.21
CPU DLL:         SARMCM3.DLL V5.39.0.0
Dialog DLL:      DCM.DLL V1.17.5.0
Target DLL:      STLink\ST-LINKIII-KEIL_SWO.dll V3.2.0.0
Dialog DLL:      TCM.DLL V1.56.4.0
 
<h2>Project:</h2>
C:\Users\Justin\Desktop\Schoolwork\153B\labs\Template_Project2\Part_B_and_C\project.uvprojx
Project File Date:  06/10/2024

<h2>Output:</h2>
*** Using Compiler 'V6.21', folder: 'C:\Keil_v5\ARM\ARMCLANG\Bin'
Build target 'Target 1'
src/main.c(41): warning: no previous extern declaration for non-static variable 'beenInterrupted' [-Wmissing-variable-declarations]
   41 | uint8_t beenInterrupted = 0; // becomes 1 if UART input comes in while door is in process of opening/closing
      |         ^
src/main.c(41): note: declare 'static' if the variable is not intended to be used outside of this translation unit
   41 | uint8_t beenInterrupted = 0; // becomes 1 if UART input comes in while door is in process of opening/closing
      | ^
src/main.c(42): warning: no previous extern declaration for non-static variable 'prevTemp' [-Wmissing-variable-declarations]
   42 | int prevTemp = 0; // store previous temperature to know to update on change
      |     ^
src/main.c(42): note: declare 'static' if the variable is not intended to be used outside of this translation unit
   42 | int prevTemp = 0; // store previous temperature to know to update on change
      | ^
src/main.c(43): warning: no previous extern declaration for non-static variable 'currThreshold' [-Wmissing-variable-declarations]
   43 | int currThreshold = 1; // 1 for T_HIGH being active, -1 for T_LOW being active
      |     ^
src/main.c(43): note: declare 'static' if the variable is not intended to be used outside of this translation unit
   43 | int currThreshold = 1; // 1 for T_HIGH being active, -1 for T_LOW being active
      | ^
src/main.c(45): warning: no previous extern declaration for non-static variable 'onDelay' [-Wmissing-variable-declarations]
   45 | int onDelay = 0; // if the door is currently on delay after manual input. 0 = not on delay, 1 = on delay
      |     ^
src/main.c(45): note: declare 'static' if the variable is not intended to be used outside of this translation unit
   45 | int onDelay = 0; // if the door is currently on delay after manual input. 0 = not on delay, 1 = on delay
      | ^
src/main.c(46): warning: no previous extern declaration for non-static variable 'delayCounter' [-Wmissing-variable-declarations]
   46 | int delayCounter = 0; // counts 0.1 sec periods, when this reaches 30 the door will no longer be on delay
      |     ^
src/main.c(46): note: declare 'static' if the variable is not intended to be used outside of this translation unit
   46 | int delayCounter = 0; // counts 0.1 sec periods, when this reaches 30 the door will no longer be on delay
      | ^
src/main.c(50): warning: a function declaration without a prototype is deprecated in all versions of C [-Wstrict-prototypes]
   50 | void open();
      |          ^
      |           void
src/main.c(51): warning: a function declaration without a prototype is deprecated in all versions of C [-Wstrict-prototypes]
   51 | void close();
      |           ^
      |            void
src/main.c(53): warning: unused parameter 'size' [-Wunused-parameter]
   53 | void UART_onInput(char* inputs, uint32_t size) {
      |                                          ^
src/main.c(90): warning: no previous prototype for function 'checkTemperature' [-Wmissing-prototypes]
   90 | void checkTemperature(int temp) { // check whether temperature threshold is met
      |      ^
src/main.c(90): note: declare 'static' if the function is not intended to be used outside of this translation unit
   90 | void checkTemperature(int temp) { // check whether temperature threshold is met
      | ^
      | static 
src/main.c(110): warning: a function declaration without a prototype is deprecated in all versions of C [-Wstrict-prototypes]
  110 | void close() {
      |           ^
      |            void
src/main.c(115): warning: mixing declarations and code is incompatible with standards before C99 [-Wdeclaration-after-statement]
  115 |         double x, y, z;
      |                ^
src/main.c(110): warning: no previous prototype for function 'close' [-Wmissing-prototypes]
  110 | void close() {
      |      ^
src/main.c(51): note: this declaration is not a prototype; add 'void' to make it a prototype for a zero-parameter function
   51 | void close();
      |      ^     
      |            void
src/main.c(136): warning: a function declaration without a prototype is deprecated in all versions of C [-Wstrict-prototypes]
  136 | void open() {
      |          ^
      |           void
src/main.c(141): warning: mixing declarations and code is incompatible with standards before C99 [-Wdeclaration-after-statement]
  141 |         double x, y, z;
      |                ^
src/main.c(136): warning: no previous prototype for function 'open' [-Wmissing-prototypes]
  136 | void open() {
      |      ^
src/main.c(50): note: this declaration is not a prototype; add 'void' to make it a prototype for a zero-parameter function
   50 | void open();
      |      ^    
      |           void
src/main.c(165): warning: binary integer literals are a GNU extension [-Wgnu-binary-literal]
  165 |         uint8_t SecondaryAddress = 0b1001000 << 1;
      |                                    ^
src/main.c(220): warning: mixing declarations and code is incompatible with standards before C99 [-Wdeclaration-after-statement]
  220 |         int temp = 0;
      |             ^
17 warnings generated.
compiling main.c...
linking...
Program Size: Code=15232 RO-data=1276 RW-data=12 ZI-data=2700  
FromELF: creating hex file...
".\Objects\project.axf" - 0 Error(s), 17 Warning(s).

<h2>Software Packages used:</h2>

Package Vendor: ARM
                http://www.keil.com/pack/ARM.CMSIS.5.9.0.pack
                ARM::CMSIS@5.9.0
                CMSIS (Common Microcontroller Software Interface Standard)
   * Component: CORE Version: 5.6.0

Package Vendor: Keil
                https://www.keil.com/pack/Keil.STM32L4xx_DFP.2.7.0.pack
                Keil::STM32L4xx_DFP@2.7.0
                STMicroelectronics STM32L4 Series Device Support, Drivers and Examples

<h2>Collection of Component include folders:</h2>
  ./RTE/_Target_1
  C:/Users/Justin/AppData/Local/Arm/Packs/ARM/CMSIS/5.9.0/CMSIS/Core/Include
  C:/Users/Justin/AppData/Local/Arm/Packs/Keil/STM32L4xx_DFP/2.7.0/Drivers/CMSIS/Device/ST/STM32L4xx/Include

<h2>Collection of Component Files used:</h2>

   * Component: ARM::CMSIS:CORE@5.6.0
Build Time Elapsed:  00:00:00
</pre>
</body>
</html>
