Component: Arm Compiler for Embedded 6.21 Tool: armlink [5ec1fa00]

==============================================================================

Section Cross References

    main.o(.text.UART_onInput) refers to main.o(.bss.onDelay) for onDelay
    main.o(.text.UART_onInput) refers to main.o(.bss.buffer) for buffer
    main.o(.text.UART_onInput) refers to main.o(.rodata.str1.1) for .L.str
    main.o(.text.UART_onInput) refers to sprintf.o(.text) for sprintf
    main.o(.text.UART_onInput) refers to uart.o(.text.UART_print) for UART_print
    main.o(.text.UART_onInput) refers to strcmpv7em.o(.text) for strcmp
    main.o(.text.UART_onInput) refers to main.o(.text.open) for open
    main.o(.text.UART_onInput) refers to main.o(.bss.beenInterrupted) for beenInterrupted
    main.o(.text.UART_onInput) refers to main.o(.bss.delayCounter) for delayCounter
    main.o(.text.UART_onInput) refers to main.o(.text.close) for close
    main.o(.text.UART_onInput) refers to motor.o(.text.setDire) for setDire
    main.o(.ARM.exidx.text.UART_onInput) refers to main.o(.text.UART_onInput) for [Anonymous Symbol]
    main.o(.text.checkTemperature) refers to main.o(.bss.onDelay) for onDelay
    main.o(.text.checkTemperature) refers to main.o(.data.currThreshold) for currThreshold
    main.o(.text.checkTemperature) refers to main.o(.bss.buffer) for buffer
    main.o(.text.checkTemperature) refers to main.o(.rodata.str1.1) for .L.str.6
    main.o(.text.checkTemperature) refers to sprintf.o(.text) for sprintf
    main.o(.text.checkTemperature) refers to uart.o(.text.UART_print) for UART_print
    main.o(.text.checkTemperature) refers to main.o(.text.open) for open
    main.o(.text.checkTemperature) refers to main.o(.bss.beenInterrupted) for beenInterrupted
    main.o(.text.checkTemperature) refers to main.o(.text.close) for close
    main.o(.ARM.exidx.text.checkTemperature) refers to main.o(.text.checkTemperature) for [Anonymous Symbol]
    main.o(.text.close) refers to main.o(.bss.buffer) for buffer
    main.o(.text.close) refers to main.o(.rodata.str1.1) for .L.str.8
    main.o(.text.close) refers to sprintf.o(.text) for sprintf
    main.o(.text.close) refers to uart.o(.text.UART_print) for UART_print
    main.o(.text.close) refers to motor.o(.text.setDire) for setDire
    main.o(.text.close) refers to main.o(.bss.beenInterrupted) for beenInterrupted
    main.o(.text.close) refers to main.o(.text.getAccelData) for getAccelData
    main.o(.text.close) refers to dcmp.o(x$fpl$fcmp) for __aeabi_dcmplt
    main.o(.text.close) refers to systimer.o(.text.delay) for delay
    main.o(.text.close) refers to main.o(.text.getTempData) for getTempData
    main.o(.text.close) refers to main.o(.text.checkTemperature) for checkTemperature
    main.o(.text.close) refers to uart.o(.text.UART_checkForInput) for UART_checkForInput
    main.o(.text.close) refers to main.o(.data.currThreshold) for currThreshold
    main.o(.ARM.exidx.text.close) refers to main.o(.text.close) for [Anonymous Symbol]
    main.o(.text.getAccelData) refers to accelerometer.o(.text.readValues) for readValues
    main.o(.ARM.exidx.text.getAccelData) refers to main.o(.text.getAccelData) for [Anonymous Symbol]
    main.o(.text.getTempData) refers to i2c.o(.text.I2C_SendData) for I2C_SendData
    main.o(.text.getTempData) refers to i2c.o(.text.I2C_ReceiveData) for I2C_ReceiveData
    main.o(.ARM.exidx.text.getTempData) refers to main.o(.text.getTempData) for [Anonymous Symbol]
    main.o(.text.open) refers to main.o(.bss.buffer) for buffer
    main.o(.text.open) refers to main.o(.rodata.str1.1) for .L.str.11
    main.o(.text.open) refers to sprintf.o(.text) for sprintf
    main.o(.text.open) refers to uart.o(.text.UART_print) for UART_print
    main.o(.text.open) refers to motor.o(.text.setDire) for setDire
    main.o(.text.open) refers to main.o(.bss.beenInterrupted) for beenInterrupted
    main.o(.text.open) refers to main.o(.text.getAccelData) for getAccelData
    main.o(.text.open) refers to dcmp.o(x$fpl$fcmp) for __aeabi_dcmplt
    main.o(.text.open) refers to main.o(.text.getTempData) for getTempData
    main.o(.text.open) refers to main.o(.text.checkTemperature) for checkTemperature
    main.o(.text.open) refers to uart.o(.text.UART_checkForInput) for UART_checkForInput
    main.o(.text.open) refers to systimer.o(.text.delay) for delay
    main.o(.text.open) refers to main.o(.data.currThreshold) for currThreshold
    main.o(.ARM.exidx.text.open) refers to main.o(.text.open) for [Anonymous Symbol]
    main.o(.text.main) refers to sysclock.o(.text.System_Clock_Init) for System_Clock_Init
    main.o(.text.main) refers to motor.o(.text.Motor_Init) for Motor_Init
    main.o(.text.main) refers to systimer.o(.text.SysTick_Init) for SysTick_Init
    main.o(.text.main) refers to led.o(.text.LED_Init) for LED_Init
    main.o(.text.main) refers to uart.o(.text.USART_Init) for USART_Init
[...]
    [Anonymous Symbol]                       0x080017dc   Section        0  i2c.o(.text.I2C_Initialization)
    [Anonymous Symbol]                       0x080018d0   Section        0  i2c.o(.text.I2C_ReceiveData)
    [Anonymous Symbol]                       0x0800196c   Section        0  i2c.o(.text.I2C_SendData)
    [Anonymous Symbol]                       0x08001a48   Section        0  i2c.o(.text.I2C_Start)
    [Anonymous Symbol]                       0x08001ab4   Section        0  i2c.o(.text.I2C_Stop)
    [Anonymous Symbol]                       0x08001ad8   Section        0  i2c.o(.text.I2C_WaitLineIdle)
    [Anonymous Symbol]                       0x08001af0   Section        0  led.o(.text.LED_Init)
    [Anonymous Symbol]                       0x08001b3c   Section        0  motor.o(.text.Motor_Init)
    [Anonymous Symbol]                       0x08001c50   Section        0  spi.o(.text.SPI1_GPIO_Init)
    [Anonymous Symbol]                       0x08001d90   Section        0  spi.o(.text.SPI1_Init)
    [Anonymous Symbol]                       0x08001e5c   Section        0  spi.o(.text.SPI_Transfer_Data)
    [Anonymous Symbol]                       0x08001ed0   Section        0  systimer.o(.text.SysTick_Handler)
    [Anonymous Symbol]                       0x08001efc   Section        0  systimer.o(.text.SysTick_Init)
    [Anonymous Symbol]                       0x08001f58   Section        0  sysclock.o(.text.System_Clock_Init)
    [Anonymous Symbol]                       0x0800212c   Section        0  uart.o(.text.UART1_GPIO_Init)
    [Anonymous Symbol]                       0x080021cc   Section        0  uart.o(.text.UART1_Init)
    [Anonymous Symbol]                       0x080021f0   Section        0  uart.o(.text.UART2_GPIO_Init)
    [Anonymous Symbol]                       0x08002290   Section        0  uart.o(.text.UART2_Init)
    [Anonymous Symbol]                       0x080022b4   Section        0  uart.o(.text.UART_checkForInput)
    [Anonymous Symbol]                       0x080022dc   Section        0  main.o(.text.UART_onInput)
    [Anonymous Symbol]                       0x08002410   Section        0  uart.o(.text.UART_print)
    [Anonymous Symbol]                       0x080024dc   Section        0  uart.o(.text.USART1_IRQHandler)
    [Anonymous Symbol]                       0x08002544   Section        0  uart.o(.text.USART2_IRQHandler)
    [Anonymous Symbol]                       0x080025ac   Section        0  uart.o(.text.USART_Init)
    __NVIC_ClearPendingIRQ                   0x080026b9   Thumb Code    48  dma.o(.text.__NVIC_ClearPendingIRQ)
    [Anonymous Symbol]                       0x080026b8   Section        0  dma.o(.text.__NVIC_ClearPendingIRQ)
    __NVIC_ClearPendingIRQ                   0x080026e9   Thumb Code    48  uart.o(.text.__NVIC_ClearPendingIRQ)
    [Anonymous Symbol]                       0x080026e8   Section        0  uart.o(.text.__NVIC_ClearPendingIRQ)
    __NVIC_EnableIRQ                         0x08002719   Thumb Code    48  systimer.o(.text.__NVIC_EnableIRQ)
    [Anonymous Symbol]                       0x08002718   Section        0  systimer.o(.text.__NVIC_EnableIRQ)
    __NVIC_EnableIRQ                         0x08002749   Thumb Code    48  dma.o(.text.__NVIC_EnableIRQ)
    [Anonymous Symbol]                       0x08002748   Section        0  dma.o(.text.__NVIC_EnableIRQ)
    __NVIC_EnableIRQ                         0x08002779   Thumb Code    48  uart.o(.text.__NVIC_EnableIRQ)
    [Anonymous Symbol]                       0x08002778   Section        0  uart.o(.text.__NVIC_EnableIRQ)
    __NVIC_SetPriority                       0x080027a9   Thumb Code    66  systimer.o(.text.__NVIC_SetPriority)
    [Anonymous Symbol]                       0x080027a8   Section        0  systimer.o(.text.__NVIC_SetPriority)
    __NVIC_SetPriority                       0x080027ed   Thumb Code    66  dma.o(.text.__NVIC_SetPriority)
    [Anonymous Symbol]                       0x080027ec   Section        0  dma.o(.text.__NVIC_SetPriority)
    __NVIC_SetPriority                       0x08002831   Thumb Code    66  uart.o(.text.__NVIC_SetPriority)
    [Anonymous Symbol]                       0x08002830   Section        0  uart.o(.text.__NVIC_SetPriority)
    [Anonymous Symbol]                       0x08002874   Section        0  accelerometer.o(.text.accRead)
    [Anonymous Symbol]                       0x080028a0   Section        0  accelerometer.o(.text.accWrite)
    [Anonymous Symbol]                       0x080028c8   Section        0  main.o(.text.checkTemperature)
    [Anonymous Symbol]                       0x08002998   Section        0  main.o(.text.close)
    [Anonymous Symbol]                       0x08002ab0   Section        0  systimer.o(.text.delay)
    [Anonymous Symbol]                       0x08002ae0   Section        0  main.o(.text.getAccelData)
    [Anonymous Symbol]                       0x08002af8   Section        0  main.o(.text.getTempData)
    [Anonymous Symbol]                       0x08002b48   Section        0  accelerometer.o(.text.initAcc)
    [Anonymous Symbol]                       0x08002b6c   Section        0  main.o(.text.main)
    [Anonymous Symbol]                       0x08002c8c   Section        0  uart.o(.text.on_complete_transfer)
    [Anonymous Symbol]                       0x08002d38   Section        0  main.o(.text.open)
    [Anonymous Symbol]                       0x08002e58   Section        0  accelerometer.o(.text.readValues)
    [Anonymous Symbol]                       0x08002ff0   Section        0  motor.o(.text.rotate)
    [Anonymous Symbol]                       0x08003034   Section        0  motor.o(.text.setDire)
    [Anonymous Symbol]                       0x0800304c   Section        0  uart.o(.text.transfer_data)
    CL$$btod_d2e                             0x080030bc   Section       62  btod.o(CL$$btod_d2e)
    CL$$btod_d2e_denorm_low                  0x080030fa   Section       70  btod.o(CL$$btod_d2e_denorm_low)
    CL$$btod_d2e_norm_op1                    0x08003140   Section       96  btod.o(CL$$btod_d2e_norm_op1)
    CL$$btod_div_common                      0x080031a0   Section      824  btod.o(CL$$btod_div_common)
    CL$$btod_e2e                             0x080034d8   Section      220  btod.o(CL$$btod_e2e)
    CL$$btod_ediv                            0x080035b4   Section       42  btod.o(CL$$btod_ediv)
    CL$$btod_emul                            0x080035de   Section       42  btod.o(CL$$btod_emul)
    CL$$btod_mult_common                     0x08003608   Section      580  btod.o(CL$$btod_mult_common)
    i.__ARM_fpclassify                       0x0800384c   Section        0  fpclassify.o(i.__ARM_fpclassify)
    i._is_digit                              0x0800387c   Section        0  __printf_wp.o(i._is_digit)
    locale$$code                             0x0800388c   Section       44  lc_numeric_c.o(locale$$code)
    locale$$code                             0x080038b8   Section       44  lc_ctype_c.o(locale$$code)
    $v0                                      0x080038e4   Number         0  dcmpi.o(x$fpl$dcmpinf)
    x$fpl$dcmpinf                            0x080038e4   Section       24  dcmpi.o(x$fpl$dcmpinf)
    $v0                                      0x080038fc   Number         0  deqf.o(x$fpl$deqf)
    x$fpl$deqf                               0x080038fc   Section      120  deqf.o(x$fpl$deqf)
    $v0                                      0x08003974   Number         0  dflt_clz.o(x$fpl$dflt)
    x$fpl$dflt                               0x08003974   Section       46  dflt_clz.o(x$fpl$dflt)
    $v0                                      0x080039a4   Number         0  dgeqf.o(x$fpl$dgeqf)
    x$fpl$dgeqf                              0x080039a4   Section      120  dgeqf.o(x$fpl$dgeqf)
    $v0                                      0x08003a1c   Number         0  dleqf.o(x$fpl$dleqf)
    x$fpl$dleqf                              0x08003a1c   Section      120  dleqf.o(x$fpl$dleqf)
    $v0                                      0x08003a94   Number         0  dmul.o(x$fpl$dmul)
    x$fpl$dmul                               0x08003a94   Section      340  dmul.o(x$fpl$dmul)
    $v0                                      0x08003be8   Number         0  dnaninf.o(x$fpl$dnaninf)
    x$fpl$dnaninf                            0x08003be8   Section      156  dnaninf.o(x$fpl$dnaninf)
    $v0                                      0x08003c84   Number         0  dretinf.o(x$fpl$dretinf)
    x$fpl$dretinf                            0x08003c84   Section       12  dretinf.o(x$fpl$dretinf)
    $v0                                      0x08003c90   Number         0  dcmp.o(x$fpl$fcmp)
    x$fpl$fcmp                               0x08003c90   Section       84  dcmp.o(x$fpl$fcmp)
    $v0                                      0x08003ce4   Number         0  fpinit.o(x$fpl$fpinit)
    x$fpl$fpinit                             0x08003ce4   Section       26  fpinit.o(x$fpl$fpinit)
    $v0                                      0x08003cfe   Number         0  printf1.o(x$fpl$printf1)
    x$fpl$printf1                            0x08003cfe   Section        4  printf1.o(x$fpl$printf1)
    $v0                                      0x08003d02   Number         0  printf2.o(x$fpl$printf2)
    x$fpl$printf2                            0x08003d02   Section        4  printf2.o(x$fpl$printf2)
    x$fpl$usenofp                            0x08003d06   Section        0  usenofp.o(x$fpl$usenofp)
    initial_mbstate                          0x08003d08   Data           8  _printf_wctomb.o(.constdata)
    .constdata                               0x08003d08   Section        8  _printf_wctomb.o(.constdata)
    uc_hextab                                0x08003d10   Data          20  _printf_hex_int_ll_ptr.o(.constdata)
    .constdata                               0x08003d10   Section       40  _printf_hex_int_ll_ptr.o(.constdata)
    lc_hextab                                0x08003d24   Data          20  _printf_hex_int_ll_ptr.o(.constdata)
    maptable                                 0x08003d38   Data          17  __printf_flags_ss_wp.o(.constdata)
    .constdata                               0x08003d38   Section       17  __printf_flags_ss_wp.o(.constdata)
    lc_hextab                                0x08003d49   Data          19  _printf_fp_hex.o(.constdata)
    .constdata                               0x08003d49   Section       38  _printf_fp_hex.o(.constdata)
    uc_hextab                                0x08003d5c   Data          19  _printf_fp_hex.o(.constdata)
    tenpwrs_x                                0x08003d70   Data          60  bigflt0.o(.constdata)
    .constdata                               0x08003d70   Section      148  bigflt0.o(.constdata)
    tenpwrs_i                                0x08003dac   Data          64  bigflt0.o(.constdata)
    HalfStep                                 0x08003e04   Data          32  motor.o(.rodata.HalfStep)
    [Anonymous Symbol]                       0x08003e04   Section        0  motor.o(.rodata.HalfStep)
    .L.str.4                                 0x08003e24   Data          16  main.o(.rodata.str1.1)
    [Anonymous Symbol]                       0x08003e24   Section        0  main.o(.rodata.str1.1)
    .L.str.13                                0x08003e34   Data          18  main.o(.rodata.str1.1)
    .L.str.5                                 0x08003e46   Data          17  main.o(.rodata.str1.1)
    .L.str                                   0x08003e57   Data          41  main.o(.rodata.str1.1)
    .L.str.14                                0x08003e80   Data          14  main.o(.rodata.str1.1)
    .L.str.9                                 0x08003e8e   Data          33  main.o(.rodata.str1.1)
    .L.str.11                                0x08003eaf   Data          10  main.o(.rodata.str1.1)
    .L.str.12                                0x08003eb9   Data          15  main.o(.rodata.str1.1)
    .L.str.8                                 0x08003ec8   Data          10  main.o(.rodata.str1.1)
    .L.str.10                                0x08003ed2   Data          15  main.o(.rodata.str1.1)
    .L.str.15                                0x08003ee1   Data          20  main.o(.rodata.str1.1)
    .L.str.2                                 0x08003ef5   Data           3  main.o(.rodata.str1.1)
    .L.str.1                                 0x08003ef8   Data           3  main.o(.rodata.str1.1)
    .L.str.3                                 0x08003efb   Data           3  main.o(.rodata.str1.1)
    .L.str.6                                 0x08003efe   Data          25  main.o(.rodata.str1.1)
    .L.str.7                                 0x08003f17   Data          24  main.o(.rodata.str1.1)
    locale$$data                             0x08003f50   Section       28  lc_numeric_c.o(locale$$data)
    __lcnum_c_name                           0x08003f54   Data           2  lc_numeric_c.o(locale$$data)
    __lcnum_c_start                          0x08003f5c   Data           0  lc_numeric_c.o(locale$$data)
    __lcnum_c_point                          0x08003f68   Data           0  lc_numeric_c.o(locale$$data)
    __lcnum_c_thousands                      0x08003f6a   Data           0  lc_numeric_c.o(locale$$data)
    __lcnum_c_grouping                       0x08003f6b   Data           0  lc_numeric_c.o(locale$$data)
    __lcnum_c_end                            0x08003f6c   Data           0  lc_numeric_c.o(locale$$data)
    locale$$data                             0x08003f6c   Section      272  lc_ctype_c.o(locale$$data)
    __lcctype_c_name                         0x08003f70   Data           2  lc_ctype_c.o(locale$$data)
    __lcctype_c_start                        0x08003f78   Data           0  lc_ctype_c.o(locale$$data)
    __lcctype_c_end                          0x0800407c   Data           0  lc_ctype_c.o(locale$$data)
    active                                   0x20000000   Data           4  uart.o(.data.active)
    [Anonymous Symbol]                       0x20000000   Section        0  uart.o(.data.active)
    pending                                  0x20000008   Data           4  uart.o(.data.pending)
    [Anonymous Symbol]                       0x20000008   Section        0  uart.o(.data.pending)
    .bss                                     0x20000010   Section       96  libspace.o(.bss)
    buffer                                   0x20000071   Data         256  main.o(.bss.buffer)
    [Anonymous Symbol]                       0x20000071   Section        0  main.o(.bss.buffer)
    data_t_0                                 0x20000171   Data         256  uart.o(.bss.data_t_0)
    [Anonymous Symbol]                       0x20000171   Section        0  uart.o(.bss.data_t_0)
    data_t_1                                 0x20000271   Data         256  uart.o(.bss.data_t_1)
    [Anonymous Symbol]                       0x20000271   Section        0  uart.o(.bss.data_t_1)
    dire                                     0x20000378   Data           1  motor.o(.bss.dire)
    [Anonymous Symbol]                       0x20000378   Section        0  motor.o(.bss.dire)
    input_size                               0x2000037a   Data           1  uart.o(.bss.input_size)
    [Anonymous Symbol]                       0x2000037a   Section        0  uart.o(.bss.input_size)
    inputs                                   0x2000037b   Data         256  uart.o(.bss.inputs)
    [Anonymous Symbol]                       0x2000037b   Section        0  uart.o(.bss.inputs)
    pending_size                             0x20000480   Data           1  uart.o(.bss.pending_size)
    [Anonymous Symbol]                       0x20000480   Section        0  uart.o(.bss.pending_size)
    receive_size                             0x20000488   Data           1  uart.o(.bss.receive_size)
    [Anonymous Symbol]                       0x20000488   Section        0  uart.o(.bss.receive_size)
    step                                     0x2000048c   Data           4  systimer.o(.bss.step)
    [Anonymous Symbol]                       0x2000048c   Section        0  systimer.o(.bss.step)
    step                                     0x20000490   Data           1  motor.o(.bss.step)
    [Anonymous Symbol]                       0x20000490   Section        0  motor.o(.bss.step)
    tx                                       0x20000494   Data           4  uart.o(.bss.tx)
    [Anonymous Symbol]                       0x20000494   Section        0  uart.o(.bss.tx)
    Heap_Mem                                 0x20000498   Data         512  startup_stm32l476xx.o(HEAP)
    HEAP                                     0x20000498   Section      512  startup_stm32l476xx.o(HEAP)
    Stack_Mem                                0x20000698   Data        1024  startup_stm32l476xx.o(STACK)
    STACK                                    0x20000698   Section     1024  startup_stm32l476xx.o(STACK)
    __initial_sp                             0x20000a98   Data           0  startup_stm32l476xx.o(STACK)

    Global Symbols

    Symbol Name                              Value     Ov Type        Size  Object(Section)

    BuildAttributes$$THM_ISAv4$E$P$D$K$B$S$7EM$VFPi3$EXTD16$VFPS$VFMA$PE$A:L22UL41UL21$X:L11$S22US41US21$IEEE1$IW$~IW$USESV6$~STKCKD$USESV7$~SHL$OTIME$ROPI$IEEEJ$EBA8$UX$STANDARDLIB$REQ8$PRES8$EABIv2 0x00000000   Number         0  anon$$obj.o ABSOLUTE
    Image$$ER_IROM1$$RW$$Length              0x00000000   Number         0  anon$$obj.o ABSOLUTE
    Image$$ER_IROM1$$ZI$$Length              0x00000000   Number         0  anon$$obj.o ABSOLUTE
    Image$$RW_IRAM1$$RO$$Length              0x00000000   Number         0  anon$$obj.o ABSOLUTE
    _printf_flags                            0x00000000   Number         0  printf_stubs.o ABSOLUTE
    _printf_return_value                     0x00000000   Number         0  printf_stubs.o ABSOLUTE
    _printf_sizespec                         0x00000000   Number         0  printf_stubs.o ABSOLUTE
    _printf_widthprec                        0x00000000   Number         0  printf_stubs.o ABSOLUTE
    __ARM_exceptions_init                     - Undefined Weak Reference
    __alloca_initialize                       - Undefined Weak Reference
    __arm_preinit_                            - Undefined Weak Reference
    __arm_relocate_pie_                       - Undefined Weak Reference
    __cpp_initialize__aeabi_                  - Undefined Weak Reference
    __cxa_finalize                            - Undefined Weak Reference
    __sigvec_lookup                           - Undefined Weak Reference
    _atexit_init                              - Undefined Weak Reference
    _call_atexit_fns                          - Undefined Weak Reference
    _clock_init                               - Undefined Weak Reference
    _fp_trap_init                             - Undefined Weak Reference
    _fp_trap_shutdown                         - Undefined Weak Reference
    _get_lc_collate                           - Undefined Weak Reference
    _get_lc_monetary                          - Undefined Weak Reference
    _get_lc_time                              - Undefined Weak Reference
    _getenv_init                              - Undefined Weak Reference
    _handle_redirection                       - Undefined Weak Reference
    _init_alloc                               - Undefined Weak Reference
    _init_user_alloc                          - Undefined Weak Reference
    _initio                                   - Undefined Weak Reference
    _printf_mbtowc                            - Undefined Weak Reference
    _printf_wc                                - Undefined Weak Reference
    _rand_init                                - Undefined Weak Reference
    _signal_finish                            - Undefined Weak Reference
    _signal_init                              - Undefined Weak Reference
    _terminate_alloc                          - Undefined Weak Reference
    _terminate_user_alloc                     - Undefined Weak Reference
    _terminateio                              - Undefined Weak Reference
    Image$$RW_IRAM1$$Length                  0x00000010   Number         0  anon$$obj.o ABSOLUTE
    Image$$RW_IRAM1$$RW$$Length              0x00000010   Number         0  anon$$obj.o ABSOLUTE
    __Vectors_Size                           0x00000188   Number         0  startup_stm32l476xx.o ABSOLUTE
    Image$$RW_IRAM1$$ZI$$Length              0x00000a88   Number         0  anon$$obj.o ABSOLUTE
    Image$$ER_IROM1$$RO$$Length              0x0000407c   Number         0  anon$$obj.o ABSOLUTE
    Image$$ER_IROM1$$RO$$Base                0x08000000   Number         0  anon$$obj.o ABSOLUTE
    Load$$ER_IROM1$$Base                     0x08000000   Number         0  anon$$obj.o ABSOLUTE
    __Vectors                                0x08000000   Data           4  startup_stm32l476xx.o(RESET)
    __Vectors_End                            0x08000188   Data           0  startup_stm32l476xx.o(RESET)
    __main                                   0x08000189   Thumb Code     8  __main.o(!!!main)
    __scatterload                            0x08000191   Thumb Code     0  __scatter.o(!!!scatter)
    __scatterload_rt2                        0x08000191   Thumb Code    84  __scatter.o(!!!scatter)
    __scatterload_rt2_thumb_only             0x08000191   Thumb Code     0  __scatter.o(!!!scatter)
    __scatterload_loop                       0x0800019b   Thumb Code     0  __scatter.o(!!!scatter)
    __scatterload_copy                       0x080001ed   Thumb Code    26  __scatter_copy.o(!!handler_copy)
    __scatterload_null                       0x08000209   Thumb Code     2  __scatter.o(!!handler_null)
    __scatterload_zeroinit                   0x0800020d   Thumb Code    28  __scatter_zi.o(!!handler_zi)
    _printf_n                                0x08000229   Thumb Code     0  _printf_n.o(.ARM.Collect$$_printf_percent$$00000001)
    _printf_percent                          0x08000229   Thumb Code     0  _printf_percent.o(.ARM.Collect$$_printf_percent$$00000000)
    _printf_p                                0x0800022f   Thumb Code     0  _printf_p.o(.ARM.Collect$$_printf_percent$$00000002)
    _printf_f                                0x08000235   Thumb Code     0  _printf_f.o(.ARM.Collect$$_printf_percent$$00000003)
    _printf_e                                0x0800023b   Thumb Code     0  _printf_e.o(.ARM.Collect$$_printf_percent$$00000004)
    _printf_g                                0x08000241   Thumb Code     0  _printf_g.o(.ARM.Collect$$_printf_percent$$00000005)
    _printf_a                                0x08000247   Thumb Code     0  _printf_a.o(.ARM.Collect$$_printf_percent$$00000006)
    _printf_ll                               0x0800024d   Thumb Code     0  _printf_ll.o(.ARM.Collect$$_printf_percent$$00000007)
    _printf_i                                0x08000257   Thumb Code     0  _printf_i.o(.ARM.Collect$$_printf_percent$$00000008)
    _printf_d                                0x0800025d   Thumb Code     0  _printf_d.o(.ARM.Collect$$_printf_percent$$00000009)
    _printf_u                                0x08000263   Thumb Code     0  _printf_u.o(.ARM.Collect$$_printf_percent$$0000000A)
    _printf_o                                0x08000269   Thumb Code     0  _printf_o.o(.ARM.Collect$$_printf_percent$$0000000B)
    _printf_x                                0x0800026f   Thumb Code     0  _printf_x.o(.ARM.Collect$$_printf_percent$$0000000C)
    _printf_lli                              0x08000275   Thumb Code     0  _printf_lli.o(.ARM.Collect$$_printf_percent$$0000000D)
    _printf_lld                              0x0800027b   Thumb Code     0  _printf_lld.o(.ARM.Collect$$_printf_percent$$0000000E)
    _printf_llu                              0x08000281   Thumb Code     0  _printf_llu.o(.ARM.Collect$$_printf_percent$$0000000F)
    _printf_llo                              0x08000287   Thumb Code     0  _printf_llo.o(.ARM.Collect$$_printf_percent$$00000010)
    _printf_llx                              0x0800028d   Thumb Code     0  _printf_llx.o(.ARM.Collect$$_printf_percent$$00000011)
    _printf_l                                0x08000293   Thumb Code     0  _printf_l.o(.ARM.Collect$$_printf_percent$$00000012)
    _printf_c                                0x0800029d   Thumb Code     0  _printf_c.o(.ARM.Collect$$_printf_percent$$00000013)
    _printf_s                                0x080002a3   Thumb Code     0  _printf_s.o(.ARM.Collect$$_printf_percent$$00000014)
    _printf_lc                               0x080002a9   Thumb Code     0  _printf_lc.o(.ARM.Collect$$_printf_percent$$00000015)
    _printf_ls                               0x080002af   Thumb Code     0  _printf_ls.o(.ARM.Collect$$_printf_percent$$00000016)
    _printf_percent_end                      0x080002b5   Thumb Code     0  _printf_percent_end.o(.ARM.Collect$$_printf_percent$$00000017)
    __rt_lib_init                            0x080002b9   Thumb Code     0  libinit.o(.ARM.Collect$$libinit$$00000000)
    __rt_lib_init_fp_1                       0x080002bb   Thumb Code     0  libinit2.o(.ARM.Collect$$libinit$$00000001)
    __rt_lib_init_heap_1                     0x080002bf   Thumb Code     0  libinit2.o(.ARM.Collect$$libinit$$0000000C)
    __rt_lib_init_lc_common                  0x080002bf   Thumb Code     0  libinit2.o(.ARM.Collect$$libinit$$00000011)
    __rt_lib_init_preinit_1                  0x080002bf   Thumb Code     0  libinit2.o(.ARM.Collect$$libinit$$00000006)
    __rt_lib_init_rand_1                     0x080002bf   Thumb Code     0  libinit2.o(.ARM.Collect$$libinit$$00000010)
    __rt_lib_init_relocate_pie_1             0x080002bf   Thumb Code     0  libinit2.o(.ARM.Collect$$libinit$$00000004)
    __rt_lib_init_user_alloc_1               0x080002bf   Thumb Code     0  libinit2.o(.ARM.Collect$$libinit$$0000000E)
    __rt_lib_init_lc_collate_1               0x080002c5   Thumb Code     0  libinit2.o(.ARM.Collect$$libinit$$00000013)
    __rt_lib_init_lc_ctype_2                 0x080002c5   Thumb Code     0  libinit2.o(.ARM.Collect$$libinit$$00000014)
    __rt_lib_init_lc_ctype_1                 0x080002d1   Thumb Code     0  libinit2.o(.ARM.Collect$$libinit$$00000015)
    __rt_lib_init_lc_monetary_1              0x080002d1   Thumb Code     0  libinit2.o(.ARM.Collect$$libinit$$00000017)
    __rt_lib_init_lc_numeric_2               0x080002d1   Thumb Code     0  libinit2.o(.ARM.Collect$$libinit$$00000018)
    __rt_lib_init_alloca_1                   0x080002db   Thumb Code     0  libinit2.o(.ARM.Collect$$libinit$$00000030)
    __rt_lib_init_argv_1                     0x080002db   Thumb Code     0  libinit2.o(.ARM.Collect$$libinit$$0000002E)
    __rt_lib_init_atexit_1                   0x080002db   Thumb Code     0  libinit2.o(.ARM.Collect$$libinit$$0000001D)
    __rt_lib_init_clock_1                    0x080002db   Thumb Code     0  libinit2.o(.ARM.Collect$$libinit$$00000023)
    __rt_lib_init_cpp_1                      0x080002db   Thumb Code     0  libinit2.o(.ARM.Collect$$libinit$$00000034)
    __rt_lib_init_exceptions_1               0x080002db   Thumb Code     0  libinit2.o(.ARM.Collect$$libinit$$00000032)
    __rt_lib_init_fp_trap_1                  0x080002db   Thumb Code     0  libinit2.o(.ARM.Collect$$libinit$$00000021)
    __rt_lib_init_getenv_1                   0x080002db   Thumb Code     0  libinit2.o(.ARM.Collect$$libinit$$00000025)
    __rt_lib_init_lc_numeric_1               0x080002db   Thumb Code     0  libinit2.o(.ARM.Collect$$libinit$$00000019)
    __rt_lib_init_lc_time_1                  0x080002db   Thumb Code     0  libinit2.o(.ARM.Collect$$libinit$$0000001B)
    __rt_lib_init_return                     0x080002db   Thumb Code     0  libinit2.o(.ARM.Collect$$libinit$$00000035)
    __rt_lib_init_signal_1                   0x080002db   Thumb Code     0  libinit2.o(.ARM.Collect$$libinit$$0000001F)
    __rt_lib_init_stdio_1                    0x080002db   Thumb Code     0  libinit2.o(.ARM.Collect$$libinit$$00000027)
    __rt_lib_shutdown                        0x080002dd   Thumb Code     0  libshutdown.o(.ARM.Collect$$libshutdown$$00000000)
    __rt_lib_shutdown_cpp_1                  0x080002df   Thumb Code     0  libshutdown2.o(.ARM.Collect$$libshutdown$$00000002)
    __rt_lib_shutdown_fp_trap_1              0x080002df   Thumb Code     0  libshutdown2.o(.ARM.Collect$$libshutdown$$00000007)
    __rt_lib_shutdown_heap_1                 0x080002df   Thumb Code     0  libshutdown2.o(.ARM.Collect$$libshutdown$$0000000F)
    __rt_lib_shutdown_return                 0x080002df   Thumb Code     0  libshutdown2.o(.ARM.Collect$$libshutdown$$00000010)
    __rt_lib_shutdown_signal_1               0x080002df   Thumb Code     0  libshutdown2.o(.ARM.Collect$$libshutdown$$0000000A)
    __rt_lib_shutdown_stdio_1                0x080002df   Thumb Code     0  libshutdown2.o(.ARM.Collect$$libshutdown$$00000004)
    __rt_lib_shutdown_user_alloc_1           0x080002df   Thumb Code     0  libshutdown2.o(.ARM.Collect$$libshutdown$$0000000C)
    __rt_entry                               0x080002e1   Thumb Code     0  __rtentry.o(.ARM.Collect$$rtentry$$00000000)
    __rt_entry_presh_1                       0x080002e1   Thumb Code     0  __rtentry2.o(.ARM.Collect$$rtentry$$00000002)
    __rt_entry_sh                            0x080002e1   Thumb Code     0  __rtentry4.o(.ARM.Collect$$rtentry$$00000004)
    __rt_entry_li                            0x080002e7   Thumb Code     0  __rtentry2.o(.ARM.Collect$$rtentry$$0000000A)
    __rt_entry_postsh_1                      0x080002e7   Thumb Code     0  __rtentry2.o(.ARM.Collect$$rtentry$$00000009)
    __rt_entry_main                          0x080002eb   Thumb Code     0  __rtentry2.o(.ARM.Collect$$rtentry$$0000000D)
    __rt_entry_postli_1                      0x080002eb   Thumb Code     0  __rtentry2.o(.ARM.Collect$$rtentry$$0000000C)
    __rt_exit                                0x080002f3   Thumb Code     0  rtexit.o(.ARM.Collect$$rtexit$$00000000)
    __rt_exit_ls                             0x080002f5   Thumb Code     0  rtexit2.o(.ARM.Collect$$rtexit$$00000003)
    __rt_exit_prels_1                        0x080002f5   Thumb Code     0  rtexit2.o(.ARM.Collect$$rtexit$$00000002)
    __rt_exit_exit                           0x080002f9   Thumb Code     0  rtexit2.o(.ARM.Collect$$rtexit$$00000004)
    Reset_Handler                            0x08000301   Thumb Code    62  startup_stm32l476xx.o(.text)
    NMI_Handler                              0x0800033f   Thumb Code     2  startup_stm32l476xx.o(.text)
    HardFault_Handler                        0x08000341   Thumb Code     2  startup_stm32l476xx.o(.text)
    MemManage_Handler                        0x08000343   Thumb Code     2  startup_stm32l476xx.o(.text)
    BusFault_Handler                         0x08000345   Thumb Code     2  startup_stm32l476xx.o(.text)
    UsageFault_Handler                       0x08000347   Thumb Code     2  startup_stm32l476xx.o(.text)
    SVC_Handler                              0x08000349   Thumb Code     2  startup_stm32l476xx.o(.text)
    DebugMon_Handler                         0x0800034b   Thumb Code     2  startup_stm32l476xx.o(.text)
    PendSV_Handler                           0x0800034d   Thumb Code     2  startup_stm32l476xx.o(.text)
    ADC1_2_IRQHandler                        0x08000351   Thumb Code     0  startup_stm32l476xx.o(.text)
    ADC3_IRQHandler                          0x08000351   Thumb Code     0  startup_stm32l476xx.o(.text)
    CAN1_RX0_IRQHandler                      0x08000351   Thumb Code     0  startup_stm32l476xx.o(.text)
    CAN1_RX1_IRQHandler                      0x08000351   Thumb Code     0  startup_stm32l476xx.o(.text)
    CAN1_SCE_IRQHandler                      0x08000351   Thumb Code     0  startup_stm32l476xx.o(.text)
    CAN1_TX_IRQHandler                       0x08000351   Thumb Code     0  startup_stm32l476xx.o(.text)
    COMP_IRQHandler                          0x08000351   Thumb Code     0  startup_stm32l476xx.o(.text)
    DFSDM0_IRQHandler                        0x08000351   Thumb Code     0  startup_stm32l476xx.o(.text)
    DFSDM1_IRQHandler                        0x08000351   Thumb Code     0  startup_stm32l476xx.o(.text)
    DFSDM2_IRQHandler                        0x08000351   Thumb Code     0  startup_stm32l476xx.o(.text)
    DFSDM3_IRQHandler                        0x08000351   Thumb Code     0  startup_stm32l476xx.o(.text)
    DMA1_Channel1_IRQHandler                 0x08000351   Thumb Code     0  startup_stm32l476xx.o(.text)
    DMA1_Channel2_IRQHandler                 0x08000351   Thumb Code     0  startup_stm32l476xx.o(.text)
    DMA1_Channel3_IRQHandler                 0x08000351   Thumb Code     0  startup_stm32l476xx.o(.text)
    DMA1_Channel5_IRQHandler                 0x08000351   Thumb Code     0  startup_stm32l476xx.o(.text)
    DMA1_Channel6_IRQHandler                 0x08000351   Thumb Code     0  startup_stm32l476xx.o(.text)
    DMA2_Channel1_IRQHandler                 0x08000351   Thumb Code     0  startup_stm32l476xx.o(.text)
    DMA2_Channel2_IRQHandler                 0x08000351   Thumb Code     0  startup_stm32l476xx.o(.text)
    DMA2_Channel3_IRQHandler                 0x08000351   Thumb Code     0  startup_stm32l476xx.o(.text)
    DMA2_Channel4_IRQHandler                 0x08000351   Thumb Code     0  startup_stm32l476xx.o(.text)
    DMA2_Channel5_IRQHandler                 0x08000351   Thumb Code     0  startup_stm32l476xx.o(.text)
    DMA2_Channel6_IRQHandler                 0x08000351   Thumb Code     0  startup_stm32l476xx.o(.text)
    DMA2_Channel7_IRQHandler                 0x08000351   Thumb Code     0  startup_stm32l476xx.o(.text)
    EXTI0_IRQHandler                         0x08000351   Thumb Code     0  startup_stm32l476xx.o(.text)
    EXTI15_10_IRQHandler                     0x08000351   Thumb Code     0  startup_stm32l476xx.o(.text)
    EXTI1_IRQHandler                         0x08000351   Thumb Code     0  startup_stm32l476xx.o(.text)
    EXTI2_IRQHandler                         0x08000351   Thumb Code     0  startup_stm32l476xx.o(.text)
    EXTI3_IRQHandler                         0x08000351   Thumb Code     0  startup_stm32l476xx.o(.text)
    EXTI4_IRQHandler                         0x08000351   Thumb Code     0  startup_stm32l476xx.o(.text)
    EXTI9_5_IRQHandler                       0x08000351   Thumb Code     0  startup_stm32l476xx.o(.text)
    FLASH_IRQHandler                         0x08000351   Thumb Code     0  startup_stm32l476xx.o(.text)
    FMC_IRQHandler                           0x08000351   Thumb Code     0  startup_stm32l476xx.o(.text)
    FPU_IRQHandler                           0x08000351   Thumb Code     0  startup_stm32l476xx.o(.text)
    I2C1_ER_IRQHandler                       0x08000351   Thumb Code     0  startup_stm32l476xx.o(.text)
    I2C1_EV_IRQHandler                       0x08000351   Thumb Code     0  startup_stm32l476xx.o(.text)
    I2C2_ER_IRQHandler                       0x08000351   Thumb Code     0  startup_stm32l476xx.o(.text)
    I2C2_EV_IRQHandler                       0x08000351   Thumb Code     0  startup_stm32l476xx.o(.text)
    I2C3_ER_IRQHandler                       0x08000351   Thumb Code     0  startup_stm32l476xx.o(.text)
    I2C3_EV_IRQHandler                       0x08000351   Thumb Code     0  startup_stm32l476xx.o(.text)
    LCD_IRQHandler                           0x08000351   Thumb Code     0  startup_stm32l476xx.o(.text)
    LPTIM1_IRQHandler                        0x08000351   Thumb Code     0  startup_stm32l476xx.o(.text)
    LPTIM2_IRQHandler                        0x08000351   Thumb Code     0  startup_stm32l476xx.o(.text)
    LPUART1_IRQHandler                       0x08000351   Thumb Code     0  startup_stm32l476xx.o(.text)
    OTG_FS_IRQHandler                        0x08000351   Thumb Code     0  startup_stm32l476xx.o(.text)
    PVD_PVM_IRQHandler                       0x08000351   Thumb Code     0  startup_stm32l476xx.o(.text)
    QUADSPI_IRQHandler                       0x08000351   Thumb Code     0  startup_stm32l476xx.o(.text)
    RCC_IRQHandler                           0x08000351   Thumb Code     0  startup_stm32l476xx.o(.text)
    RNG_IRQHandler                           0x08000351   Thumb Code     0  startup_stm32l476xx.o(.text)
    RTC_Alarm_IRQHandler                     0x08000351   Thumb Code     0  startup_stm32l476xx.o(.text)
    RTC_WKUP_IRQHandler                      0x08000351   Thumb Code     0  startup_stm32l476xx.o(.text)
    SAI1_IRQHandler                          0x08000351   Thumb Code     0  startup_stm32l476xx.o(.text)
    SAI2_IRQHandler                          0x08000351   Thumb Code     0  startup_stm32l476xx.o(.text)
    SDMMC1_IRQHandler                        0x08000351   Thumb Code     0  startup_stm32l476xx.o(.text)
    SPI1_IRQHandler                          0x08000351   Thumb Code     0  startup_stm32l476xx.o(.text)
    SPI2_IRQHandler                          0x08000351   Thumb Code     0  startup_stm32l476xx.o(.text)
    SPI3_IRQHandler                          0x08000351   Thumb Code     0  startup_stm32l476xx.o(.text)
    SWPMI1_IRQHandler                        0x08000351   Thumb Code     0  startup_stm32l476xx.o(.text)
    TAMP_STAMP_IRQHandler                    0x08000351   Thumb Code     0  startup_stm32l476xx.o(.text)
    TIM1_BRK_TIM15_IRQHandler                0x08000351   Thumb Code     0  startup_stm32l476xx.o(.text)
    TIM1_CC_IRQHandler                       0x08000351   Thumb Code     0  startup_stm32l476xx.o(.text)
    TIM1_TRG_COM_TIM17_IRQHandler            0x08000351   Thumb Code     0  startup_stm32l476xx.o(.text)
    TIM1_UP_TIM16_IRQHandler                 0x08000351   Thumb Code     0  startup_stm32l476xx.o(.text)
    TIM2_IRQHandler                          0x08000351   Thumb Code     0  startup_stm32l476xx.o(.text)
    TIM3_IRQHandler                          0x08000351   Thumb Code     0  startup_stm32l476xx.o(.text)
    TIM4_IRQHandler                          0x08000351   Thumb Code     0  startup_stm32l476xx.o(.text)
    TIM5_IRQHandler                          0x08000351   Thumb Code     0  startup_stm32l476xx.o(.text)
    TIM6_DAC_IRQHandler                      0x08000351   Thumb Code     0  startup_stm32l476xx.o(.text)
    TIM7_IRQHandler                          0x08000351   Thumb Code     0  startup_stm32l476xx.o(.text)
    TIM8_BRK_IRQHandler                      0x08000351   Thumb Code     0  startup_stm32l476xx.o(.text)
    TIM8_CC_IRQHandler                       0x08000351   Thumb Code     0  startup_stm32l476xx.o(.text)
    TIM8_TRG_COM_IRQHandler                  0x08000351   Thumb Code     0  startup_stm32l476xx.o(.text)
    TIM8_UP_IRQHandler                       0x08000351   Thumb Code     0  startup_stm32l476xx.o(.text)
    TSC_IRQHandler                           0x08000351   Thumb Code     0  startup_stm32l476xx.o(.text)
    UART4_IRQHandler                         0x08000351   Thumb Code     0  startup_stm32l476xx.o(.text)
    UART5_IRQHandler                         0x08000351   Thumb Code     0  startup_stm32l476xx.o(.text)
    USART3_IRQHandler                        0x08000351   Thumb Code     0  startup_stm32l476xx.o(.text)
    WWDG_IRQHandler                          0x08000351   Thumb Code     0  startup_stm32l476xx.o(.text)
    __user_initial_stackheap                 0x08000355   Thumb Code     0  startup_stm32l476xx.o(.text)
    sprintf                                  0x0800038d   Thumb Code    38  sprintf.o(.text)
    strlen                                   0x080003b9   Thumb Code    62  strlen.o(.text)
    __aeabi_memclr                           0x080003f7   Thumb Code     0  rt_memclr.o(.text)
    __rt_memclr                              0x080003f7   Thumb Code     0  rt_memclr.o(.text)
    _memset                                  0x080003fb   Thumb Code    64  rt_memclr.o(.text)
    strcmp                                   0x08000441   Thumb Code   124  strcmpv7em.o(.text)
    __use_two_region_memory                  0x080004bd   Thumb Code     2  heapauxi.o(.text)
    __rt_heap_escrow$2region                 0x080004bf   Thumb Code     2  heapauxi.o(.text)
    __rt_heap_expand$2region                 0x080004c1   Thumb Code     2  heapauxi.o(.text)
    _printf_pre_padding                      0x080004c3   Thumb Code    44  _printf_pad.o(.text)
    _printf_post_padding                     0x080004ef   Thumb Code    34  _printf_pad.o(.text)
    _printf_truncate_signed                  0x08000511   Thumb Code    18  _printf_truncate.o(.text)
    _printf_truncate_unsigned                0x08000523   Thumb Code    18  _printf_truncate.o(.text)
    _printf_str                              0x08000535   Thumb Code    82  _printf_str.o(.text)
    _printf_int_dec                          0x08000589   Thumb Code   104  _printf_dec.o(.text)
    _printf_charcount                        0x08000601   Thumb Code    40  _printf_charcount.o(.text)
    _printf_char_common                      0x08000633   Thumb Code    32  _printf_char_common.o(.text)
    _sputc                                   0x08000659   Thumb Code    10  _sputc.o(.text)
    _printf_wctomb                           0x08000665   Thumb Code   182  _printf_wctomb.o(.text)
    _printf_longlong_dec                     0x08000729   Thumb Code   108  _printf_longlong_dec.o(.text)
    _printf_longlong_oct                     0x080007a5   Thumb Code    68  _printf_oct_int_ll.o(.text)
    _printf_int_oct                          0x080007e9   Thumb Code    24  _printf_oct_int_ll.o(.text)
    _printf_ll_oct                           0x08000801   Thumb Code    12  _printf_oct_int_ll.o(.text)
    _printf_longlong_hex                     0x08000815   Thumb Code    86  _printf_hex_int_ll_ptr.o(.text)
    _printf_int_hex                          0x0800086b   Thumb Code    28  _printf_hex_int_ll_ptr.o(.text)
    _printf_ll_hex                           0x08000887   Thumb Code    12  _printf_hex_int_ll_ptr.o(.text)
    _printf_hex_ptr                          0x08000893   Thumb Code    18  _printf_hex_int_ll_ptr.o(.text)
    __printf                                 0x080008a9   Thumb Code   388  __printf_flags_ss_wp.o(.text)
    __aeabi_memclr4                          0x08000a37   Thumb Code     0  rt_memclr_w.o(.text)
    __aeabi_memclr8                          0x08000a37   Thumb Code     0  rt_memclr_w.o(.text)
    __rt_memclr_w                            0x08000a37   Thumb Code     0  rt_memclr_w.o(.text)
    _memset_w                                0x08000a3b   Thumb Code    74  rt_memclr_w.o(.text)
    _ll_udiv10                               0x08000a85   Thumb Code   138  lludiv10.o(.text)
    _printf_int_common                       0x08000b0f   Thumb Code   178  _printf_intcommon.o(.text)
    _printf_fp_dec_real                      0x08000d71   Thumb Code   620  _printf_fp_dec.o(.text)
    _printf_fp_hex_real                      0x08000fe5   Thumb Code   756  _printf_fp_hex.o(.text)
    _printf_cs_common                        0x080012e7   Thumb Code    20  _printf_char.o(.text)
    _printf_char                             0x080012fb   Thumb Code    16  _printf_char.o(.text)
    _printf_string                           0x0800130b   Thumb Code     8  _printf_char.o(.text)
    _printf_lcs_common                       0x08001313   Thumb Code    20  _printf_wchar.o(.text)
    _printf_wchar                            0x08001327   Thumb Code    16  _printf_wchar.o(.text)
    _printf_wstring                          0x08001337   Thumb Code     8  _printf_wchar.o(.text)
    _c16rtomb                                0x0800133f   Thumb Code    72  _c16rtomb.o(.text)
    _wcrtomb                                 0x0800133f   Thumb Code     0  _c16rtomb.o(.text)
    __user_setup_stackheap                   0x08001387   Thumb Code    74  sys_stackheap_outer.o(.text)
    __rt_ctype_table                         0x080013d1   Thumb Code    16  rt_ctype_table.o(.text)
    __rt_locale                              0x080013e1   Thumb Code     8  rt_locale_intlibspace.o(.text)
    _printf_fp_infnan                        0x080013e9   Thumb Code   112  _printf_fp_infnan.o(.text)
    _btod_etento                             0x08001469   Thumb Code   224  bigflt0.o(.text)
    exit                                     0x0800154d   Thumb Code    18  exit.o(.text)
    __user_libspace                          0x08001561   Thumb Code     8  libspace.o(.text)
    __user_perproc_libspace                  0x08001561   Thumb Code     0  libspace.o(.text)
    __user_perthread_libspace                0x08001561   Thumb Code     0  libspace.o(.text)
    _sys_exit                                0x08001569   Thumb Code     8  sys_exit.o(.text)
    __I$use$semihosting                      0x08001575   Thumb Code     0  use_no_semi.o(.text)
    __use_no_semihosting_swi                 0x08001575   Thumb Code     2  use_no_semi.o(.text)
    __semihosting_library_function           0x08001577   Thumb Code     0  indicate_semi.o(.text)
    DMA1_Channel4_IRQHandler                 0x08001579   Thumb Code    90  uart.o(.text.DMA1_Channel4_IRQHandler)
    DMA1_Channel7_IRQHandler                 0x080015d5   Thumb Code    90  uart.o(.text.DMA1_Channel7_IRQHandler)
    DMA_Init_UARTx                           0x08001631   Thumb Code   270  dma.o(.text.DMA_Init_UARTx)
    I2C_GPIO_Init                            0x08001741   Thumb Code   154  i2c.o(.text.I2C_GPIO_Init)
    I2C_Initialization                       0x080017dd   Thumb Code   244  i2c.o(.text.I2C_Initialization)
    I2C_ReceiveData                          0x080018d1   Thumb Code   154  i2c.o(.text.I2C_ReceiveData)
    I2C_SendData                             0x0800196d   Thumb Code   220  i2c.o(.text.I2C_SendData)
    I2C_Start                                0x08001a49   Thumb Code   108  i2c.o(.text.I2C_Start)
    I2C_Stop                                 0x08001ab5   Thumb Code    34  i2c.o(.text.I2C_Stop)
    I2C_WaitLineIdle                         0x08001ad9   Thumb Code    24  i2c.o(.text.I2C_WaitLineIdle)
    LED_Init                                 0x08001af1   Thumb Code    74  led.o(.text.LED_Init)
    Motor_Init                               0x08001b3d   Thumb Code   274  motor.o(.text.Motor_Init)
    SPI1_GPIO_Init                           0x08001c51   Thumb Code   318  spi.o(.text.SPI1_GPIO_Init)
    SPI1_Init                                0x08001d91   Thumb Code   202  spi.o(.text.SPI1_Init)
    SPI_Transfer_Data                        0x08001e5d   Thumb Code   116  spi.o(.text.SPI_Transfer_Data)
    SysTick_Handler                          0x08001ed1   Thumb Code    44  systimer.o(.text.SysTick_Handler)
    SysTick_Init                             0x08001efd   Thumb Code    92  systimer.o(.text.SysTick_Init)
    System_Clock_Init                        0x08001f59   Thumb Code   466  sysclock.o(.text.System_Clock_Init)
    UART1_GPIO_Init                          0x0800212d   Thumb Code   158  uart.o(.text.UART1_GPIO_Init)
    UART1_Init                               0x080021cd   Thumb Code    34  uart.o(.text.UART1_Init)
    UART2_GPIO_Init                          0x080021f1   Thumb Code   158  uart.o(.text.UART2_GPIO_Init)
    UART2_Init                               0x08002291   Thumb Code    34  uart.o(.text.UART2_Init)
    UART_checkForInput                       0x080022b5   Thumb Code    40  uart.o(.text.UART_checkForInput)
    UART_onInput                             0x080022dd   Thumb Code   306  main.o(.text.UART_onInput)
    UART_print                               0x08002411   Thumb Code   202  uart.o(.text.UART_print)
    USART1_IRQHandler                        0x080024dd   Thumb Code   104  uart.o(.text.USART1_IRQHandler)
    USART2_IRQHandler                        0x08002545   Thumb Code   104  uart.o(.text.USART2_IRQHandler)
    USART_Init                               0x080025ad   Thumb Code   268  uart.o(.text.USART_Init)
    accRead                                  0x08002875   Thumb Code    44  accelerometer.o(.text.accRead)
    accWrite                                 0x080028a1   Thumb Code    40  accelerometer.o(.text.accWrite)
    checkTemperature                         0x080028c9   Thumb Code   202  main.o(.text.checkTemperature)
    close                                    0x08002999   Thumb Code   272  main.o(.text.close)
    delay                                    0x08002ab1   Thumb Code    46  systimer.o(.text.delay)
    getAccelData                             0x08002ae1   Thumb Code    24  main.o(.text.getAccelData)
    getTempData                              0x08002af9   Thumb Code    80  main.o(.text.getTempData)
    initAcc                                  0x08002b49   Thumb Code    34  accelerometer.o(.text.initAcc)
    main                                     0x08002b6d   Thumb Code   288  main.o(.text.main)
    on_complete_transfer                     0x08002c8d   Thumb Code   166  uart.o(.text.on_complete_transfer)
    open                                     0x08002d39   Thumb Code   280  main.o(.text.open)
    readValues                               0x08002e59   Thumb Code   406  accelerometer.o(.text.readValues)
    rotate                                   0x08002ff1   Thumb Code    66  motor.o(.text.rotate)
    setDire                                  0x08003035   Thumb Code    24  motor.o(.text.setDire)
    transfer_data                            0x0800304d   Thumb Code   112  uart.o(.text.transfer_data)
    _btod_d2e                                0x080030bd   Thumb Code    62  btod.o(CL$$btod_d2e)
    _d2e_denorm_low                          0x080030fb   Thumb Code    70  btod.o(CL$$btod_d2e_denorm_low)
    _d2e_norm_op1                            0x08003141   Thumb Code    96  btod.o(CL$$btod_d2e_norm_op1)
    __btod_div_common                        0x080031a1   Thumb Code   696  btod.o(CL$$btod_div_common)
    _e2e                                     0x080034d9   Thumb Code   220  btod.o(CL$$btod_e2e)
    _btod_ediv                               0x080035b5   Thumb Code    42  btod.o(CL$$btod_ediv)
    _btod_emul                               0x080035df   Thumb Code    42  btod.o(CL$$btod_emul)
    __btod_mult_common                       0x08003609   Thumb Code   580  btod.o(CL$$btod_mult_common)
    __ARM_fpclassify                         0x0800384d   Thumb Code    48  fpclassify.o(i.__ARM_fpclassify)
    _is_digit                                0x0800387d   Thumb Code    14  __printf_wp.o(i._is_digit)
    _get_lc_numeric                          0x0800388d   Thumb Code    44  lc_numeric_c.o(locale$$code)
    _get_lc_ctype                            0x080038b9   Thumb Code    44  lc_ctype_c.o(locale$$code)
    __fpl_dcmp_Inf                           0x080038e5   Thumb Code    24  dcmpi.o(x$fpl$dcmpinf)
    __aeabi_cdcmpeq                          0x080038fd   Thumb Code     0  deqf.o(x$fpl$deqf)
    _dcmpeq                                  0x080038fd   Thumb Code   120  deqf.o(x$fpl$deqf)
    __aeabi_i2d                              0x08003975   Thumb Code     0  dflt_clz.o(x$fpl$dflt)
    _dflt                                    0x08003975   Thumb Code    46  dflt_clz.o(x$fpl$dflt)
    __aeabi_cdcmpge                          0x080039a5   Thumb Code     0  dgeqf.o(x$fpl$dgeqf)
    _dcmpge                                  0x080039a5   Thumb Code   120  dgeqf.o(x$fpl$dgeqf)
    __aeabi_cdcmple                          0x08003a1d   Thumb Code     0  dleqf.o(x$fpl$dleqf)
    _dcmple                                  0x08003a1d   Thumb Code   120  dleqf.o(x$fpl$dleqf)
    __fpl_dcmple_InfNaN                      0x08003a7f   Thumb Code     0  dleqf.o(x$fpl$dleqf)
    __aeabi_dmul                             0x08003a95   Thumb Code     0  dmul.o(x$fpl$dmul)
    _dmul                                    0x08003a95   Thumb Code   332  dmul.o(x$fpl$dmul)
    __fpl_dnaninf                            0x08003be9   Thumb Code   156  dnaninf.o(x$fpl$dnaninf)
    __fpl_dretinf                            0x08003c85   Thumb Code    12  dretinf.o(x$fpl$dretinf)
    __aeabi_dcmpeq                           0x08003c91   Thumb Code     0  dcmp.o(x$fpl$fcmp)
    _deq                                     0x08003c91   Thumb Code    14  dcmp.o(x$fpl$fcmp)
    _dneq                                    0x08003c9f   Thumb Code    14  dcmp.o(x$fpl$fcmp)
    __aeabi_dcmpgt                           0x08003cad   Thumb Code     0  dcmp.o(x$fpl$fcmp)
    _dgr                                     0x08003cad   Thumb Code    14  dcmp.o(x$fpl$fcmp)
    __aeabi_dcmpge                           0x08003cbb   Thumb Code     0  dcmp.o(x$fpl$fcmp)
    _dgeq                                    0x08003cbb   Thumb Code    14  dcmp.o(x$fpl$fcmp)
    __aeabi_dcmple                           0x08003cc9   Thumb Code     0  dcmp.o(x$fpl$fcmp)
    _dleq                                    0x08003cc9   Thumb Code    14  dcmp.o(x$fpl$fcmp)
    __aeabi_dcmplt                           0x08003cd7   Thumb Code     0  dcmp.o(x$fpl$fcmp)
    _dls                                     0x08003cd7   Thumb Code    14  dcmp.o(x$fpl$fcmp)
    _fp_init                                 0x08003ce5   Thumb Code    26  fpinit.o(x$fpl$fpinit)
    __fplib_config_fpu_vfp                   0x08003cfd   Thumb Code     0  fpinit.o(x$fpl$fpinit)
    __fplib_config_pureend_doubles           0x08003cfd   Thumb Code     0  fpinit.o(x$fpl$fpinit)
    _printf_fp_dec                           0x08003cff   Thumb Code     4  printf1.o(x$fpl$printf1)
    _printf_fp_hex                           0x08003d03   Thumb Code     4  printf2.o(x$fpl$printf2)
    __I$use$fp                               0x08003d06   Number         0  usenofp.o(x$fpl$usenofp)
    Region$$Table$$Base                      0x08003f30   Number         0  anon$$obj.o(Region$$Table)
    Region$$Table$$Limit                     0x08003f50   Number         0  anon$$obj.o(Region$$Table)
    __ctype                                  0x08003f79   Data           0  lc_ctype_c.o(locale$$data)
    Image$$ER_IROM1$$RO$$Limit               0x0800407c   Number         0  anon$$obj.o ABSOLUTE
    Image$$ER_IROM1$$RW$$Base                0x0800407c   Number         0  anon$$obj.o ABSOLUTE
    Image$$ER_IROM1$$RW$$Limit               0x0800407c   Number         0  anon$$obj.o ABSOLUTE
    Image$$ER_IROM1$$ZI$$Base                0x0800407c   Number         0  anon$$obj.o ABSOLUTE
    Image$$ER_IROM1$$ZI$$Limit               0x0800407c   Number         0  anon$$obj.o ABSOLUTE
    Load$$RW_IRAM1$$Base                     0x08004080   Number         0  anon$$obj.o ABSOLUTE
    Image$$RW_IRAM1$$Base                    0x20000000   Number         0  anon$$obj.o ABSOLUTE
    Image$$RW_IRAM1$$RO$$Base                0x20000000   Number         0  anon$$obj.o ABSOLUTE
    Image$$RW_IRAM1$$RW$$Base                0x20000000   Number         0  anon$$obj.o ABSOLUTE
    currThreshold                            0x20000004   Data           4  main.o(.data.currThreshold)
    Image$$RW_IRAM1$$Limit                   0x20000010   Number         0  anon$$obj.o ABSOLUTE
    Image$$RW_IRAM1$$RW$$Limit               0x20000010   Number         0  anon$$obj.o ABSOLUTE
    Image$$RW_IRAM1$$ZI$$Base                0x20000010   Number         0  anon$$obj.o ABSOLUTE
    __libspace_start                         0x20000010   Data          96  libspace.o(.bss)
    __temporary_stack_top$libspace           0x20000070   Data           0  libspace.o(.bss)
    beenInterrupted                          0x20000070   Data           1  main.o(.bss.beenInterrupted)
    delayCounter                             0x20000374   Data           4  main.o(.bss.delayCounter)
    dmaDone                                  0x20000379   Data           1  uart.o(.bss.dmaDone)
    onDelay                                  0x2000047c   Data           4  main.o(.bss.onDelay)
    prevTemp                                 0x20000484   Data           4  main.o(.bss.prevTemp)
    Image$$RW_IRAM1$$ZI$$Limit               0x20000a98   Number         0  anon$$obj.o ABSOLUTE



==============================================================================

Memory Map of the image

  Image Entry point : 0x08000189

  Load Region LR_IROM1 (Base: 0x08000000, Size: 0x00004090, Max: 0x00100000, ABSOLUTE)

    Execution Region ER_IROM1 (Exec base: 0x08000000, Load base: 0x08000000, Size: 0x0000407c, Max: 0x00100000, ABSOLUTE)

    Exec Addr    Load Addr    Size         Type   Attr      Idx    E Section Name        Object

    0x08000000   0x08000000   0x00000188   Data   RO           32    RESET               startup_stm32l476xx.o
    0x08000188   0x08000188   0x00000008   Code   RO          223  * !!!main             c_w.l(__main.o)
    0x08000190   0x08000190   0x0000005c   Code   RO          582    !!!scatter          c_w.l(__scatter.o)
    0x080001ec   0x080001ec   0x0000001a   Code   RO          586    !!handler_copy      c_w.l(__scatter_copy.o)
    0x08000206   0x08000206   0x00000002   PAD
    0x08000208   0x08000208   0x00000002   Code   RO          583    !!handler_null      c_w.l(__scatter.o)
    0x0800020a   0x0800020a   0x00000002   PAD
    0x0800020c   0x0800020c   0x0000001c   Code   RO          588    !!handler_zi        c_w.l(__scatter_zi.o)
    0x08000228   0x08000228   0x00000000   Code   RO          317    .ARM.Collect$$_printf_percent$$00000000  c_w.l(_printf_percent.o)
    0x08000228   0x08000228   0x00000006   Code   RO          306    .ARM.Collect$$_printf_percent$$00000001  c_w.l(_printf_n.o)
    0x0800022e   0x0800022e   0x00000006   Code   RO          308    .ARM.Collect$$_printf_percent$$00000002  c_w.l(_printf_p.o)
    0x08000234   0x08000234   0x00000006   Code   RO          313    .ARM.Collect$$_printf_percent$$00000003  c_w.l(_printf_f.o)
    0x0800023a   0x0800023a   0x00000006   Code   RO          314    .ARM.Collect$$_printf_percent$$00000004  c_w.l(_printf_e.o)
    0x08000240   0x08000240   0x00000006   Code   RO          315    .ARM.Collect$$_printf_percent$$00000005  c_w.l(_printf_g.o)
    0x08000246   0x08000246   0x00000006   Code   RO          316    .ARM.Collect$$_printf_percent$$00000006  c_w.l(_printf_a.o)
    0x0800024c   0x0800024c   0x0000000a   Code   RO          321    .ARM.Collect$$_printf_percent$$00000007  c_w.l(_printf_ll.o)
    0x08000256   0x08000256   0x00000006   Code   RO          310    .ARM.Collect$$_printf_percent$$00000008  c_w.l(_printf_i.o)
    0x0800025c   0x0800025c   0x00000006   Code   RO          311    .ARM.Collect$$_printf_percent$$00000009  c_w.l(_printf_d.o)
    0x08000262   0x08000262   0x00000006   Code   RO          312    .ARM.Collect$$_printf_percent$$0000000A  c_w.l(_printf_u.o)
    0x08000268   0x08000268   0x00000006   Code   RO          309    .ARM.Collect$$_printf_percent$$0000000B  c_w.l(_printf_o.o)
    0x0800026e   0x0800026e   0x00000006   Code   RO          307    .ARM.Collect$$_printf_percent$$0000000C  c_w.l(_printf_x.o)
    0x08000274   0x08000274   0x00000006   Code   RO          318    .ARM.Collect$$_printf_percent$$0000000D  c_w.l(_printf_lli.o)
    0x0800027a   0x0800027a   0x00000006   Code   RO          319    .ARM.Collect$$_printf_percent$$0000000E  c_w.l(_printf_lld.o)
    0x08000280   0x08000280   0x00000006   Code   RO          320    .ARM.Collect$$_printf_percent$$0000000F  c_w.l(_printf_llu.o)
    0x08000286   0x08000286   0x00000006   Code   RO          325    .ARM.Collect$$_printf_percent$$00000010  c_w.l(_printf_llo.o)
    0x0800028c   0x0800028c   0x00000006   Code   RO          326    .ARM.Collect$$_printf_percent$$00000011  c_w.l(_printf_llx.o)
    0x08000292   0x08000292   0x0000000a   Code   RO          322    .ARM.Collect$$_printf_percent$$00000012  c_w.l(_printf_l.o)
    0x0800029c   0x0800029c   0x00000006   Code   RO          304    .ARM.Collect$$_printf_percent$$00000013  c_w.l(_printf_c.o)
    0x080002a2   0x080002a2   0x00000006   Code   RO          305    .ARM.Collect$$_printf_percent$$00000014  c_w.l(_printf_s.o)
    0x080002a8   0x080002a8   0x00000006   Code   RO          323    .ARM.Collect$$_printf_percent$$00000015  c_w.l(_printf_lc.o)
    0x080002ae   0x080002ae   0x00000006   Code   RO          324    .ARM.Collect$$_printf_percent$$00000016  c_w.l(_printf_ls.o)
    0x080002b4   0x080002b4   0x00000004   Code   RO          380    .ARM.Collect$$_printf_percent$$00000017  c_w.l(_printf_percent_end.o)
    0x080002b8   0x080002b8   0x00000002   Code   RO          433    .ARM.Collect$$libinit$$00000000  c_w.l(libinit.o)
    0x080002ba   0x080002ba   0x00000004   Code   RO          448    .ARM.Collect$$libinit$$00000001  c_w.l(libinit2.o)
    0x080002be   0x080002be   0x00000000   Code   RO          451    .ARM.Collect$$libinit$$00000004  c_w.l(libinit2.o)
    0x080002be   0x080002be   0x00000000   Code   RO          453    .ARM.Collect$$libinit$$00000006  c_w.l(libinit2.o)
    0x080002be   0x080002be   0x00000000   Code   RO          456    .ARM.Collect$$libinit$$0000000C  c_w.l(libinit2.o)
    0x080002be   0x080002be   0x00000000   Code   RO          458    .ARM.Collect$$libinit$$0000000E  c_w.l(libinit2.o)
    0x080002be   0x080002be   0x00000000   Code   RO          460    .ARM.Collect$$libinit$$00000010  c_w.l(libinit2.o)
    0x080002be   0x080002be   0x00000006   Code   RO          461    .ARM.Collect$$libinit$$00000011  c_w.l(libinit2.o)
    0x080002c4   0x080002c4   0x00000000   Code   RO          463    .ARM.Collect$$libinit$$00000013  c_w.l(libinit2.o)
    0x080002c4   0x080002c4   0x0000000c   Code   RO          464    .ARM.Collect$$libinit$$00000014  c_w.l(libinit2.o)
    0x080002d0   0x080002d0   0x00000000   Code   RO          465    .ARM.Collect$$libinit$$00000015  c_w.l(libinit2.o)
    0x080002d0   0x080002d0   0x00000000   Code   RO          467    .ARM.Collect$$libinit$$00000017  c_w.l(libinit2.o)
    0x080002d0   0x080002d0   0x0000000a   Code   RO          468    .ARM.Collect$$libinit$$00000018  c_w.l(libinit2.o)
    0x080002da   0x080002da   0x00000000   Code   RO          469    .ARM.Collect$$libinit$$00000019  c_w.l(libinit2.o)
    0x080002da   0x080002da   0x00000000   Code   RO          471    .ARM.Collect$$libinit$$0000001B  c_w.l(libinit2.o)
    0x080002da   0x080002da   0x00000000   Code   RO          473    .ARM.Collect$$libinit$$0000001D  c_w.l(libinit2.o)
    0x080002da   0x080002da   0x00000000   Code   RO          475    .ARM.Collect$$libinit$$0000001F  c_w.l(libinit2.o)
    0x080002da   0x080002da   0x00000000   Code   RO          477    .ARM.Collect$$libinit$$00000021  c_w.l(libinit2.o)
    0x080002da   0x080002da   0x00000000   Code   RO          479    .ARM.Collect$$libinit$$00000023  c_w.l(libinit2.o)
    0x080002da   0x080002da   0x00000000   Code   RO          481    .ARM.Collect$$libinit$$00000025  c_w.l(libinit2.o)
    0x080002da   0x080002da   0x00000000   Code   RO          483    .ARM.Collect$$libinit$$00000027  c_w.l(libinit2.o)
    0x080002da   0x080002da   0x00000000   Code   RO          487    .ARM.Collect$$libinit$$0000002E  c_w.l(libinit2.o)
    0x080002da   0x080002da   0x00000000   Code   RO          489    .ARM.Collect$$libinit$$00000030  c_w.l(libinit2.o)
    0x080002da   0x080002da   0x00000000   Code   RO          491    .ARM.Collect$$libinit$$00000032  c_w.l(libinit2.o)
    0x080002da   0x080002da   0x00000000   Code   RO          493    .ARM.Collect$$libinit$$00000034  c_w.l(libinit2.o)
    0x080002da   0x080002da   0x00000002   Code   RO          494    .ARM.Collect$$libinit$$00000035  c_w.l(libinit2.o)
    0x080002dc   0x080002dc   0x00000002   Code   RO          518    .ARM.Collect$$libshutdown$$00000000  c_w.l(libshutdown.o)
    0x080002de   0x080002de   0x00000000   Code   RO          533    .ARM.Collect$$libshutdown$$00000002  c_w.l(libshutdown2.o)
    0x080002de   0x080002de   0x00000000   Code   RO          535    .ARM.Collect$$libshutdown$$00000004  c_w.l(libshutdown2.o)
    0x080002de   0x080002de   0x00000000   Code   RO          538    .ARM.Collect$$libshutdown$$00000007  c_w.l(libshutdown2.o)
    0x080002de   0x080002de   0x00000000   Code   RO          541    .ARM.Collect$$libshutdown$$0000000A  c_w.l(libshutdown2.o)
    0x080002de   0x080002de   0x00000000   Code   RO          543    .ARM.Collect$$libshutdown$$0000000C  c_w.l(libshutdown2.o)
    0x080002de   0x080002de   0x00000000   Code   RO          546    .ARM.Collect$$libshutdown$$0000000F  c_w.l(libshutdown2.o)
    0x080002de   0x080002de   0x00000002   Code   RO          547    .ARM.Collect$$libshutdown$$00000010  c_w.l(libshutdown2.o)
    0x080002e0   0x080002e0   0x00000000   Code   RO          235    .ARM.Collect$$rtentry$$00000000  c_w.l(__rtentry.o)
    0x080002e0   0x080002e0   0x00000000   Code   RO          349    .ARM.Collect$$rtentry$$00000002  c_w.l(__rtentry2.o)
    0x080002e0   0x080002e0   0x00000006   Code   RO          361    .ARM.Collect$$rtentry$$00000004  c_w.l(__rtentry4.o)
    0x080002e6   0x080002e6   0x00000000   Code   RO          351    .ARM.Collect$$rtentry$$00000009  c_w.l(__rtentry2.o)
    0x080002e6   0x080002e6   0x00000004   Code   RO          352    .ARM.Collect$$rtentry$$0000000A  c_w.l(__rtentry2.o)
    0x080002ea   0x080002ea   0x00000000   Code   RO          354    .ARM.Collect$$rtentry$$0000000C  c_w.l(__rtentry2.o)
    0x080002ea   0x080002ea   0x00000008   Code   RO          355    .ARM.Collect$$rtentry$$0000000D  c_w.l(__rtentry2.o)
    0x080002f2   0x080002f2   0x00000002   Code   RO          441    .ARM.Collect$$rtexit$$00000000  c_w.l(rtexit.o)
    0x080002f4   0x080002f4   0x00000000   Code   RO          496    .ARM.Collect$$rtexit$$00000002  c_w.l(rtexit2.o)
    0x080002f4   0x080002f4   0x00000004   Code   RO          497    .ARM.Collect$$rtexit$$00000003  c_w.l(rtexit2.o)
    0x080002f8   0x080002f8   0x00000006   Code   RO          498    .ARM.Collect$$rtexit$$00000004  c_w.l(rtexit2.o)
    0x080002fe   0x080002fe   0x00000002   PAD
    0x08000300   0x08000300   0x0000008c   Code   RO           33    .text               startup_stm32l476xx.o
    0x0800038c   0x0800038c   0x0000002c   Code   RO          213    .text               c_w.l(sprintf.o)
    0x080003b8   0x080003b8   0x0000003e   Code   RO          215    .text               c_w.l(strlen.o)
    0x080003f6   0x080003f6   0x00000044   Code   RO          217    .text               c_w.l(rt_memclr.o)
    0x0800043a   0x0800043a   0x00000006   PAD
    0x08000440   0x08000440   0x0000007c   Code   RO          219    .text               c_w.l(strcmpv7em.o)
    0x080004bc   0x080004bc   0x00000006   Code   RO          221    .text               c_w.l(heapauxi.o)
    0x080004c2   0x080004c2   0x0000004e   Code   RO          238    .text               c_w.l(_printf_pad.o)
    0x08000510   0x08000510   0x00000024   Code   RO          240    .text               c_w.l(_printf_truncate.o)
    0x08000534   0x08000534   0x00000052   Code   RO          242    .text               c_w.l(_printf_str.o)
    0x08000586   0x08000586   0x00000002   PAD
    0x08000588   0x08000588   0x00000078   Code   RO          244    .text               c_w.l(_printf_dec.o)
    0x08000600   0x08000600   0x00000028   Code   RO          246    .text               c_w.l(_printf_charcount.o)
    0x08000628   0x08000628   0x00000030   Code   RO          248    .text               c_w.l(_printf_char_common.o)
    0x08000658   0x08000658   0x0000000a   Code   RO          250    .text               c_w.l(_sputc.o)
    0x08000662   0x08000662   0x00000002   PAD
    0x08000664   0x08000664   0x000000c2   Code   RO          252    .text               c_w.l(_printf_wctomb.o)
    0x08000726   0x08000726   0x00000002   PAD
    0x08000728   0x08000728   0x0000007c   Code   RO          255    .text               c_w.l(_printf_longlong_dec.o)
    0x080007a4   0x080007a4   0x00000070   Code   RO          261    .text               c_w.l(_printf_oct_int_ll.o)
    0x08000814   0x08000814   0x00000094   Code   RO          281    .text               c_w.l(_printf_hex_int_ll_ptr.o)
    0x080008a8   0x080008a8   0x0000018e   Code   RO          301    .text               c_w.l(__printf_flags_ss_wp.o)
    0x08000a36   0x08000a36   0x0000004e   Code   RO          327    .text               c_w.l(rt_memclr_w.o)
    0x08000a84   0x08000a84   0x0000008a   Code   RO          363    .text               c_w.l(lludiv10.o)
    0x08000b0e   0x08000b0e   0x000000b2   Code   RO          365    .text               c_w.l(_printf_intcommon.o)
    0x08000bc0   0x08000bc0   0x00000422   Code   RO          367    .text               c_w.l(_printf_fp_dec.o)
    0x08000fe2   0x08000fe2   0x00000002   PAD
    0x08000fe4   0x08000fe4   0x00000302   Code   RO          371    .text               c_w.l(_printf_fp_hex.o)
    0x080012e6   0x080012e6   0x0000002c   Code   RO          376    .text               c_w.l(_printf_char.o)
    0x08001312   0x08001312   0x0000002c   Code   RO          378    .text               c_w.l(_printf_wchar.o)
    0x0800133e   0x0800133e   0x00000048   Code   RO          381    .text               c_w.l(_c16rtomb.o)
    0x08001386   0x08001386   0x0000004a   Code   RO          385    .text               c_w.l(sys_stackheap_outer.o)
    0x080013d0   0x080013d0   0x00000010   Code   RO          387    .text               c_w.l(rt_ctype_table.o)
    0x080013e0   0x080013e0   0x00000008   Code   RO          392    .text               c_w.l(rt_locale_intlibspace.o)
    0x080013e8   0x080013e8   0x00000080   Code   RO          394    .text               c_w.l(_printf_fp_infnan.o)
    0x08001468   0x08001468   0x000000e4   Code   RO          396    .text               c_w.l(bigflt0.o)
    0x0800154c   0x0800154c   0x00000012   Code   RO          426    .text               c_w.l(exit.o)
    0x0800155e   0x0800155e   0x00000002   PAD
    0x08001560   0x08001560   0x00000008   Code   RO          438    .text               c_w.l(libspace.o)
    0x08001568   0x08001568   0x0000000c   Code   RO          508    .text               c_w.l(sys_exit.o)
    0x08001574   0x08001574   0x00000002   Code   RO          523    .text               c_w.l(use_no_semi.o)
    0x08001576   0x08001576   0x00000000   Code   RO          525    .text               c_w.l(indicate_semi.o)
    0x08001576   0x08001576   0x00000002   PAD
    0x08001578   0x08001578   0x0000005a   Code   RO          111    .text.DMA1_Channel4_IRQHandler  uart.o
    0x080015d2   0x080015d2   0x00000002   PAD
    0x080015d4   0x080015d4   0x0000005a   Code   RO          113    .text.DMA1_Channel7_IRQHandler  uart.o
    0x0800162e   0x0800162e   0x00000002   PAD
    0x08001630   0x08001630   0x0000010e   Code   RO           68    .text.DMA_Init_UARTx  dma.o
    0x0800173e   0x0800173e   0x00000002   PAD
    0x08001740   0x08001740   0x0000009a   Code   RO          132    .text.I2C_GPIO_Init  i2c.o
    0x080017da   0x080017da   0x00000002   PAD
    0x080017dc   0x080017dc   0x000000f4   Code   RO          134    .text.I2C_Initialization  i2c.o
    0x080018d0   0x080018d0   0x0000009a   Code   RO          144    .text.I2C_ReceiveData  i2c.o
    0x0800196a   0x0800196a   0x00000002   PAD
    0x0800196c   0x0800196c   0x000000dc   Code   RO          142    .text.I2C_SendData  i2c.o
    0x08001a48   0x08001a48   0x0000006c   Code   RO          136    .text.I2C_Start     i2c.o
    0x08001ab4   0x08001ab4   0x00000022   Code   RO          138    .text.I2C_Stop      i2c.o
    0x08001ad6   0x08001ad6   0x00000002   PAD
    0x08001ad8   0x08001ad8   0x00000018   Code   RO          140    .text.I2C_WaitLineIdle  i2c.o
    0x08001af0   0x08001af0   0x0000004a   Code   RO          166    .text.LED_Init      led.o
    0x08001b3a   0x08001b3a   0x00000002   PAD
    0x08001b3c   0x08001b3c   0x00000112   Code   RO          181    .text.Motor_Init    motor.o
    0x08001c4e   0x08001c4e   0x00000002   PAD
    0x08001c50   0x08001c50   0x0000013e   Code   RO          153    .text.SPI1_GPIO_Init  spi.o
    0x08001d8e   0x08001d8e   0x00000002   PAD
    0x08001d90   0x08001d90   0x000000ca   Code   RO          155    .text.SPI1_Init     spi.o
    0x08001e5a   0x08001e5a   0x00000002   PAD
    0x08001e5c   0x08001e5c   0x00000074   Code   RO          157    .text.SPI_Transfer_Data  spi.o
    0x08001ed0   0x08001ed0   0x0000002c   Code   RO           54    .text.SysTick_Handler  systimer.o
    0x08001efc   0x08001efc   0x0000005c   Code   RO           48    .text.SysTick_Init  systimer.o
    0x08001f58   0x08001f58   0x000001d2   Code   RO           40    .text.System_Clock_Init  sysclock.o
    0x0800212a   0x0800212a   0x00000002   PAD
    0x0800212c   0x0800212c   0x0000009e   Code   RO           87    .text.UART1_GPIO_Init  uart.o
    0x080021ca   0x080021ca   0x00000002   PAD
    0x080021cc   0x080021cc   0x00000022   Code   RO           83    .text.UART1_Init    uart.o
    0x080021ee   0x080021ee   0x00000002   PAD
    0x080021f0   0x080021f0   0x0000009e   Code   RO           89    .text.UART2_GPIO_Init  uart.o
    0x0800228e   0x0800228e   0x00000002   PAD
    0x08002290   0x08002290   0x00000022   Code   RO           85    .text.UART2_Init    uart.o
    0x080022b2   0x080022b2   0x00000002   PAD
    0x080022b4   0x080022b4   0x00000028   Code   RO          103    .text.UART_checkForInput  uart.o
    0x080022dc   0x080022dc   0x00000132   Code   RO            2    .text.UART_onInput  main.o
    0x0800240e   0x0800240e   0x00000002   PAD
    0x08002410   0x08002410   0x000000ca   Code   RO           97    .text.UART_print    uart.o
    0x080024da   0x080024da   0x00000002   PAD
    0x080024dc   0x080024dc   0x00000068   Code   RO          105    .text.USART1_IRQHandler  uart.o
    0x08002544   0x08002544   0x00000068   Code   RO          109    .text.USART2_IRQHandler  uart.o
    0x080025ac   0x080025ac   0x0000010c   Code   RO           91    .text.USART_Init    uart.o
    0x080026b8   0x080026b8   0x00000030   Code   RO           74    .text.__NVIC_ClearPendingIRQ  dma.o
    0x080026e8   0x080026e8   0x00000030   Code   RO          107    .text.__NVIC_ClearPendingIRQ  uart.o
    0x08002718   0x08002718   0x00000030   Code   RO           50    .text.__NVIC_EnableIRQ  systimer.o
    0x08002748   0x08002748   0x00000030   Code   RO           72    .text.__NVIC_EnableIRQ  dma.o
    0x08002778   0x08002778   0x00000030   Code   RO           95    .text.__NVIC_EnableIRQ  uart.o
    0x080027a8   0x080027a8   0x00000042   Code   RO           52    .text.__NVIC_SetPriority  systimer.o
    0x080027ea   0x080027ea   0x00000002   PAD
    0x080027ec   0x080027ec   0x00000042   Code   RO           70    .text.__NVIC_SetPriority  dma.o
    0x0800282e   0x0800282e   0x00000002   PAD
    0x08002830   0x08002830   0x00000042   Code   RO           93    .text.__NVIC_SetPriority  uart.o
    0x08002872   0x08002872   0x00000002   PAD
    0x08002874   0x08002874   0x0000002c   Code   RO          199    .text.accRead       accelerometer.o
    0x080028a0   0x080028a0   0x00000028   Code   RO          197    .text.accWrite      accelerometer.o
    0x080028c8   0x080028c8   0x000000ca   Code   RO            4    .text.checkTemperature  main.o
    0x08002992   0x08002992   0x00000006   PAD
    0x08002998   0x08002998   0x00000118   Code   RO            6    .text.close         main.o
    0x08002ab0   0x08002ab0   0x0000002e   Code   RO           56    .text.delay         systimer.o
    0x08002ade   0x08002ade   0x00000002   PAD
    0x08002ae0   0x08002ae0   0x00000018   Code   RO            8    .text.getAccelData  main.o
    0x08002af8   0x08002af8   0x00000050   Code   RO           10    .text.getTempData   main.o
    0x08002b48   0x08002b48   0x00000022   Code   RO          201    .text.initAcc       accelerometer.o
    0x08002b6a   0x08002b6a   0x00000002   PAD
    0x08002b6c   0x08002b6c   0x00000120   Code   RO           14    .text.main          main.o
    0x08002c8c   0x08002c8c   0x000000a6   Code   RO          101    .text.on_complete_transfer  uart.o
    0x08002d32   0x08002d32   0x00000006   PAD
    0x08002d38   0x08002d38   0x00000120   Code   RO           12    .text.open          main.o
    0x08002e58   0x08002e58   0x00000196   Code   RO          203    .text.readValues    accelerometer.o
    0x08002fee   0x08002fee   0x00000002   PAD
    0x08002ff0   0x08002ff0   0x00000042   Code   RO          183    .text.rotate        motor.o
    0x08003032   0x08003032   0x00000002   PAD
    0x08003034   0x08003034   0x00000018   Code   RO          185    .text.setDire       motor.o
    0x0800304c   0x0800304c   0x00000070   Code   RO           99    .text.transfer_data  uart.o
    0x080030bc   0x080030bc   0x0000003e   Code   RO          399    CL$$btod_d2e        c_w.l(btod.o)
    0x080030fa   0x080030fa   0x00000046   Code   RO          401    CL$$btod_d2e_denorm_low  c_w.l(btod.o)
    0x08003140   0x08003140   0x00000060   Code   RO          400    CL$$btod_d2e_norm_op1  c_w.l(btod.o)
    0x080031a0   0x080031a0   0x00000338   Code   RO          409    CL$$btod_div_common  c_w.l(btod.o)
    0x080034d8   0x080034d8   0x000000dc   Code   RO          406    CL$$btod_e2e        c_w.l(btod.o)
    0x080035b4   0x080035b4   0x0000002a   Code   RO          403    CL$$btod_ediv       c_w.l(btod.o)
    0x080035de   0x080035de   0x0000002a   Code   RO          402    CL$$btod_emul       c_w.l(btod.o)
    0x08003608   0x08003608   0x00000244   Code   RO          408    CL$$btod_mult_common  c_w.l(btod.o)
    0x0800384c   0x0800384c   0x00000030   Code   RO          436    i.__ARM_fpclassify  m_wm.l(fpclassify.o)
    0x0800387c   0x0800387c   0x0000000e   Code   RO          294    i._is_digit         c_w.l(__printf_wp.o)
    0x0800388a   0x0800388a   0x00000002   PAD
    0x0800388c   0x0800388c   0x0000002c   Code   RO          424    locale$$code        c_w.l(lc_numeric_c.o)
    0x080038b8   0x080038b8   0x0000002c   Code   RO          446    locale$$code        c_w.l(lc_ctype_c.o)
    0x080038e4   0x080038e4   0x00000018   Code   RO          383    x$fpl$dcmpinf       fz_wm.l(dcmpi.o)
    0x080038fc   0x080038fc   0x00000078   Code   RO          329    x$fpl$deqf          fz_wm.l(deqf.o)
    0x08003974   0x08003974   0x0000002e   Code   RO          228    x$fpl$dflt          fz_wm.l(dflt_clz.o)
    0x080039a2   0x080039a2   0x00000002   PAD
    0x080039a4   0x080039a4   0x00000078   Code   RO          331    x$fpl$dgeqf         fz_wm.l(dgeqf.o)
    0x08003a1c   0x08003a1c   0x00000078   Code   RO          333    x$fpl$dleqf         fz_wm.l(dleqf.o)
    0x08003a94   0x08003a94   0x00000154   Code   RO          233    x$fpl$dmul          fz_wm.l(dmul.o)
    0x08003be8   0x08003be8   0x0000009c   Code   RO          335    x$fpl$dnaninf       fz_wm.l(dnaninf.o)
    0x08003c84   0x08003c84   0x0000000c   Code   RO          337    x$fpl$dretinf       fz_wm.l(dretinf.o)
    0x08003c90   0x08003c90   0x00000054   Code   RO          225    x$fpl$fcmp          fz_wm.l(dcmp.o)
    0x08003ce4   0x08003ce4   0x0000001a   Code   RO          506    x$fpl$fpinit        fz_wm.l(fpinit.o)
    0x08003cfe   0x08003cfe   0x00000004   Code   RO          339    x$fpl$printf1       fz_wm.l(printf1.o)
    0x08003d02   0x08003d02   0x00000004   Code   RO          341    x$fpl$printf2       fz_wm.l(printf2.o)
    0x08003d06   0x08003d06   0x00000000   Code   RO          347    x$fpl$usenofp       fz_wm.l(usenofp.o)
    0x08003d06   0x08003d06   0x00000002   PAD
    0x08003d08   0x08003d08   0x00000008   Data   RO          253    .constdata          c_w.l(_printf_wctomb.o)
    0x08003d10   0x08003d10   0x00000028   Data   RO          282    .constdata          c_w.l(_printf_hex_int_ll_ptr.o)
    0x08003d38   0x08003d38   0x00000011   Data   RO          302    .constdata          c_w.l(__printf_flags_ss_wp.o)
    0x08003d49   0x08003d49   0x00000026   Data   RO          372    .constdata          c_w.l(_printf_fp_hex.o)
    0x08003d6f   0x08003d6f   0x00000001   PAD
    0x08003d70   0x08003d70   0x00000094   Data   RO          397    .constdata          c_w.l(bigflt0.o)
    0x08003e04   0x08003e04   0x00000020   Data   RO          189    .rodata.HalfStep    motor.o
    0x08003e24   0x08003e24   0x0000010b   Data   RO           22    .rodata.str1.1      main.o
    0x08003f2f   0x08003f2f   0x00000001   PAD
    0x08003f30   0x08003f30   0x00000020   Data   RO          581    Region$$Table       anon$$obj.o
    0x08003f50   0x08003f50   0x0000001c   Data   RO          423    locale$$data        c_w.l(lc_numeric_c.o)
    0x08003f6c   0x08003f6c   0x00000110   Data   RO          445    locale$$data        c_w.l(lc_ctype_c.o)


    Execution Region RW_IRAM1 (Exec base: 0x20000000, Load base: 0x08004080, Size: 0x00000a98, Max: 0x00018000, ABSOLUTE)

    Exec Addr    Load Addr    Size         Type   Attr      Idx    E Section Name        Object

    0x20000000   0x08004080   0x00000004   Data   RW          117    .data.active        uart.o
    0x20000004   0x08004084   0x00000004   Data   RW           18    .data.currThreshold  main.o
    0x20000008   0x08004088   0x00000004   Data   RW          119    .data.pending       uart.o
    0x2000000c   0x0800408c   0x00000004   PAD
    0x20000010        -       0x00000060   Zero   RW          439    .bss                c_w.l(libspace.o)
    0x20000070        -       0x00000001   Zero   RW           16    .bss.beenInterrupted  main.o
    0x20000071        -       0x00000100   Zero   RW           21    .bss.buffer         main.o
    0x20000171        -       0x00000100   Zero   RW          123    .bss.data_t_0       uart.o
    0x20000271        -       0x00000100   Zero   RW          124    .bss.data_t_1       uart.o
    0x20000371   0x0800408c   0x00000003   PAD
    0x20000374        -       0x00000004   Zero   RW           20    .bss.delayCounter   main.o
    0x20000378        -       0x00000001   Zero   RW          187    .bss.dire           motor.o
    0x20000379        -       0x00000001   Zero   RW          115    .bss.dmaDone        uart.o
    0x2000037a        -       0x00000001   Zero   RW          118    .bss.input_size     uart.o
    0x2000037b        -       0x00000100   Zero   RW          121    .bss.inputs         uart.o
    0x2000047b   0x0800408c   0x00000001   PAD
    0x2000047c        -       0x00000004   Zero   RW           19    .bss.onDelay        main.o
    0x20000480        -       0x00000001   Zero   RW          120    .bss.pending_size   uart.o
    0x20000481   0x0800408c   0x00000003   PAD
    0x20000484        -       0x00000004   Zero   RW           17    .bss.prevTemp       main.o
    0x20000488        -       0x00000001   Zero   RW          122    .bss.receive_size   uart.o
    0x20000489   0x0800408c   0x00000003   PAD
    0x2000048c        -       0x00000004   Zero   RW           60    .bss.step           systimer.o
    0x20000490        -       0x00000001   Zero   RW          188    .bss.step           motor.o
    0x20000491   0x0800408c   0x00000003   PAD
    0x20000494        -       0x00000004   Zero   RW          116    .bss.tx             uart.o
    0x20000498        -       0x00000200   Zero   RW           31    HEAP                startup_stm32l476xx.o
    0x20000698        -       0x00000400   Zero   RW           30    STACK               startup_stm32l476xx.o


==============================================================================

Image component sizes


      Code (inc. data)   RO Data    RW Data    ZI Data      Debug   Object Name

       524          0          0          0          0       1585   accelerometer.o
       432          0          0          0          0       5571   dma.o
       938          0          0          0          0       3464   i2c.o
        74          0          0          0          0       1955   led.o
      1468         16        267          4        269       3488   main.o
       364          0         32          0          2       2251   motor.o
       636          0          0          0          0       2385   spi.o
       140         48        392          0       1536        908   startup_stm32l476xx.o
       466          0          0          0          0       2124   sysclock.o
       296          0          0          0          4       4468   systimer.o
      1722          0          0          8        776       7938   uart.o

    ----------------------------------------------------------------------
      7120         64        724         12       2604      36137   Object Totals
         0          0         32          0          0          0   (incl. Generated)
        60          0          1          0         17          0   (incl. Padding)

    ----------------------------------------------------------------------

      Code (inc. data)   RO Data    RW Data    ZI Data      Debug   Library Member Name

         8          0          0          0          0         68   __main.o
       398          4         17          0          0         92   __printf_flags_ss_wp.o
        14          0          0          0          0         68   __printf_wp.o
         0          0          0          0          0          0   __rtentry.o
        12          0          0          0          0          0   __rtentry2.o
         6          0          0          0          0          0   __rtentry4.o
        94          8          0          0          0          0   __scatter.o
        26          0          0          0          0          0   __scatter_copy.o
        28          0          0          0          0          0   __scatter_zi.o
        72          0          0          0          0         96   _c16rtomb.o
         6          0          0          0          0          0   _printf_a.o
         6          0          0          0          0          0   _printf_c.o
        44          0          0          0          0        108   _printf_char.o
        48          6          0          0          0         96   _printf_char_common.o
        40          0          0          0          0         68   _printf_charcount.o
         6          0          0          0          0          0   _printf_d.o
       120         16          0          0          0         92   _printf_dec.o
         6          0          0          0          0          0   _printf_e.o
         6          0          0          0          0          0   _printf_f.o
      1058          0          0          0          0        148   _printf_fp_dec.o
       770          8         38          0          0        100   _printf_fp_hex.o
       128         16          0          0          0         84   _printf_fp_infnan.o
         6          0          0          0          0          0   _printf_g.o
       148          4         40          0          0        160   _printf_hex_int_ll_ptr.o
         6          0          0          0          0          0   _printf_i.o
       178          0          0          0          0         88   _printf_intcommon.o
        10          0          0          0          0          0   _printf_l.o
         6          0          0          0          0          0   _printf_lc.o
        10          0          0          0          0          0   _printf_ll.o
         6          0          0          0          0          0   _printf_lld.o
         6          0          0          0          0          0   _printf_lli.o
         6          0          0          0          0          0   _printf_llo.o
         6          0          0          0          0          0   _printf_llu.o
         6          0          0          0          0          0   _printf_llx.o
       124         16          0          0          0         92   _printf_longlong_dec.o
         6          0          0          0          0          0   _printf_ls.o
         6          0          0          0          0          0   _printf_n.o
         6          0          0          0          0          0   _printf_o.o
       112          8          0          0          0        124   _printf_oct_int_ll.o
         6          0          0          0          0          0   _printf_p.o
        78          0          0          0          0        108   _printf_pad.o
         0          0          0          0          0          0   _printf_percent.o
         4          0          0          0          0          0   _printf_percent_end.o
         6          0          0          0          0          0   _printf_s.o
        82          0          0          0          0         80   _printf_str.o
        36          0          0          0          0         84   _printf_truncate.o
         6          0          0          0          0          0   _printf_u.o
        44          0          0          0          0        108   _printf_wchar.o
       194          6          8          0          0         92   _printf_wctomb.o
         6          0          0          0          0          0   _printf_x.o
        10          0          0          0          0         68   _sputc.o
       228          4        148          0          0         96   bigflt0.o
      1936        128          0          0          0        668   btod.o
        18          0          0          0          0         80   exit.o
         6          0          0          0          0        152   heapauxi.o
         0          0          0          0          0          0   indicate_semi.o
        44         10        272          0          0         76   lc_ctype_c.o
        44         10         28          0          0         76   lc_numeric_c.o
         2          0          0          0          0          0   libinit.o
        34          0          0          0          0          0   libinit2.o
         2          0          0          0          0          0   libshutdown.o
         2          0          0          0          0          0   libshutdown2.o
         8          4          0          0         96         68   libspace.o
       138          0          0          0          0         80   lludiv10.o
        16          4          0          0          0         76   rt_ctype_table.o
         8          4          0          0          0         68   rt_locale_intlibspace.o
        68          0          0          0          0         68   rt_memclr.o
        78          0          0          0          0         80   rt_memclr_w.o
         2          0          0          0          0          0   rtexit.o
        10          0          0          0          0          0   rtexit2.o
        44          6          0          0          0         84   sprintf.o
       124          0          0          0          0         88   strcmpv7em.o
        62          0          0          0          0         76   strlen.o
        12          4          0          0          0         68   sys_exit.o
        74          0          0          0          0         80   sys_stackheap_outer.o
         2          0          0          0          0         68   use_no_semi.o
        84          0          0          0          0        244   dcmp.o
        24          0          0          0          0        116   dcmpi.o
       120          4          0          0          0        140   deqf.o
        46          0          0          0          0        116   dflt_clz.o
       120          4          0          0          0        140   dgeqf.o
       120          4          0          0          0        140   dleqf.o
       340         12          0          0          0        152   dmul.o
       156          4          0          0          0        140   dnaninf.o
        12          0          0          0          0        116   dretinf.o
        26          0          0          0          0        116   fpinit.o
         4          0          0          0          0        116   printf1.o
         4          0          0          0          0        116   printf2.o
         0          0          0          0          0          0   usenofp.o
        48          0          0          0          0        124   fpclassify.o

    ----------------------------------------------------------------------
      8112        294        552          0         96       5852   Library Totals
        30          0          1          0          0          0   (incl. Padding)

    ----------------------------------------------------------------------

      Code (inc. data)   RO Data    RW Data    ZI Data      Debug   Library Name

      6978        266        551          0         96       4076   c_w.l
      1056         28          0          0          0       1652   fz_wm.l
        48          0          0          0          0        124   m_wm.l

    ----------------------------------------------------------------------
      8112        294        552          0         96       5852   Library Totals

    ----------------------------------------------------------------------

==============================================================================


      Code (inc. data)   RO Data    RW Data    ZI Data      Debug   

     15232        358       1276         12       2700      38593   Grand Totals
     15232        358       1276         12       2700      38593   ELF Image Totals
     15232        358       1276         12          0          0   ROM Totals

==============================================================================

    Total RO  Size (Code + RO Data)                16508 (  16.12kB)
    Total RW  Size (RW Data + ZI Data)              2712 (   2.65kB)
    Total ROM Size (Code + RO Data + RW Data)      16520 (  16.13kB)

==============================================================================

